Component: ARM Compiler 5.06 update 7 (build 960) Tool: armlink [4d3601]

==============================================================================

Section Cross References

    startup_stm32g474xx.o(RESET) refers to startup_stm32g474xx.o(STACK) for __initial_sp
    startup_stm32g474xx.o(RESET) refers to startup_stm32g474xx.o(.text) for Reset_Handler
    startup_stm32g474xx.o(RESET) refers to stm32g4xx_it.o(i.NMI_Handler) for NMI_Handler
    startup_stm32g474xx.o(RESET) refers to stm32g4xx_it.o(i.HardFault_Handler) for HardFault_Handler
    startup_stm32g474xx.o(RESET) refers to stm32g4xx_it.o(i.MemManage_Handler) for MemManage_Handler
    startup_stm32g474xx.o(RESET) refers to stm32g4xx_it.o(i.BusFault_Handler) for BusFault_Handler
    startup_stm32g474xx.o(RESET) refers to stm32g4xx_it.o(i.UsageFault_Handler) for UsageFault_Handler
    startup_stm32g474xx.o(RESET) refers to stm32g4xx_it.o(i.SVC_Handler) for SVC_Handler
    startup_stm32g474xx.o(RESET) refers to stm32g4xx_it.o(i.DebugMon_Handler) for DebugMon_Handler
    startup_stm32g474xx.o(RESET) refers to stm32g4xx_it.o(i.PendSV_Handler) for PendSV_Handler
    startup_stm32g474xx.o(RESET) refers to stm32g4xx_it.o(i.SysTick_Handler) for SysTick_Handler
    startup_stm32g474xx.o(RESET) refers to stm32g4xx_it.o(i.EXTI2_IRQHandler) for EXTI2_IRQHandler
    startup_stm32g474xx.o(RESET) refers to stm32g4xx_it.o(i.EXTI3_IRQHandler) for EXTI3_IRQHandler
    startup_stm32g474xx.o(RESET) refers to stm32g4xx_it.o(i.DMA1_Channel1_IRQHandler) for DMA1_Channel1_IRQHandler
    startup_stm32g474xx.o(RESET) refers to stm32g4xx_it.o(i.DMA1_Channel2_IRQHandler) for DMA1_Channel2_IRQHandler
    startup_stm32g474xx.o(RESET) refers to stm32g4xx_it.o(i.DMA1_Channel3_IRQHandler) for DMA1_Channel3_IRQHandler
    startup_stm32g474xx.o(RESET) refers to stm32g4xx_it.o(i.DMA1_Channel4_IRQHandler) for DMA1_Channel4_IRQHandler
    startup_stm32g474xx.o(RESET) refers to stm32g4xx_it.o(i.EXTI9_5_IRQHandler) for EXTI9_5_IRQHandler
    startup_stm32g474xx.o(RESET) refers to stm32g4xx_it.o(i.TIM1_UP_TIM16_IRQHandler) for TIM1_UP_TIM16_IRQHandler
    startup_stm32g474xx.o(RESET) refers to stm32g4xx_it.o(i.TIM1_TRG_COM_TIM17_IRQHandler) for TIM1_TRG_COM_TIM17_IRQHandler
    startup_stm32g474xx.o(RESET) refers to stm32g4xx_it.o(i.USART1_IRQHandler) for USART1_IRQHandler
    startup_stm32g474xx.o(RESET) refers to stm32g4xx_it.o(i.USART3_IRQHandler) for USART3_IRQHandler
    startup_stm32g474xx.o(RESET) refers to stm32g4xx_it.o(i.EXTI15_10_IRQHandler) for EXTI15_10_IRQHandler
    startup_stm32g474xx.o(RESET) refers to stm32g4xx_it.o(i.TIM6_DAC_IRQHandler) for TIM6_DAC_IRQHandler
    startup_stm32g474xx.o(RESET) refers to stm32g4xx_it.o(i.TIM7_DAC_IRQHandler) for TIM7_DAC_IRQHandler
    startup_stm32g474xx.o(RESET) refers to stm32g4xx_it.o(i.DMA2_Channel1_IRQHandler) for DMA2_Channel1_IRQHandler
    startup_stm32g474xx.o(RESET) refers to stm32g4xx_it.o(i.DMA2_Channel2_IRQHandler) for DMA2_Channel2_IRQHandler
    startup_stm32g474xx.o(RESET) refers to stm32g4xx_it.o(i.DMA2_Channel3_IRQHandler) for DMA2_Channel3_IRQHandler
    startup_stm32g474xx.o(RESET) refers to stm32g4xx_it.o(i.DMA2_Channel4_IRQHandler) for DMA2_Channel4_IRQHandler
    startup_stm32g474xx.o(RESET) refers to stm32g4xx_it.o(i.DMA2_Channel5_IRQHandler) for DMA2_Channel5_IRQHandler
    startup_stm32g474xx.o(.text) refers to system_stm32g4xx.o(i.SystemInit) for SystemInit
    startup_stm32g474xx.o(.text) refers to entry.o(.ARM.Collect$$$$00000000) for __main
    function.o(ccmram) refers to stm32g4xx_hal_adc.o(i.HAL_ADC_Start_DMA) for HAL_ADC_Start_DMA
    function.o(ccmram) refers to math.o(i.MiddleAverageFilter) for MiddleAverageFilter
    function.o(ccmram) refers to printfa.o(i.__0printf) for __2printf
    function.o(ccmram) refers to function.o(.bss) for .bss
    function.o(ccmram) refers to adc.o(.bss) for hadc1
    function.o(ccmram) refers to tim.o(.bss) for htim2
    function.o(i.BoardDevice_Init) refers to stm32g4xx_hal_opamp.o(i.HAL_OPAMP_Start) for HAL_OPAMP_Start
    function.o(i.BoardDevice_Init) refers to stm32g4xx_hal_adc_ex.o(i.HAL_ADCEx_Calibration_Start) for HAL_ADCEx_Calibration_Start
    function.o(i.BoardDevice_Init) refers to stm32g4xx_hal_tim.o(i.HAL_TIM_Base_Start_IT) for HAL_TIM_Base_Start_IT
    function.o(i.BoardDevice_Init) refers to stm32g4xx_hal_tim.o(i.HAL_TIM_PWM_Start) for HAL_TIM_PWM_Start
    function.o(i.BoardDevice_Init) refers to stm32g4xx_hal_tim.o(i.HAL_TIM_Encoder_Start) for HAL_TIM_Encoder_Start
    function.o(i.BoardDevice_Init) refers to stm32g4xx_hal_hrtim.o(i.HAL_HRTIM_WaveformOutputStart) for HAL_HRTIM_WaveformOutputStart
    function.o(i.BoardDevice_Init) refers to stm32g4xx_hal_hrtim.o(i.HAL_HRTIM_WaveformCountStart) for HAL_HRTIM_WaveformCountStart
    function.o(i.BoardDevice_Init) refers to function.o(.bss) for .bss
    function.o(i.BoardDevice_Init) refers to opamp.o(.bss) for hopamp1
    function.o(i.BoardDevice_Init) refers to adc.o(.bss) for hadc1
[...]
    i.LL_ADC_REG_IsTriggerSourceSWStart      0x08004baa   Section        0  stm32g4xx_hal_adc.o(i.LL_ADC_REG_IsTriggerSourceSWStart)
    LL_ADC_REG_IsTriggerSourceSWStart        0x08004bab   Thumb Code    16  stm32g4xx_hal_adc.o(i.LL_ADC_REG_IsTriggerSourceSWStart)
    i.LL_ADC_SetChannelSamplingTime          0x08004bba   Section        0  stm32g4xx_hal_adc.o(i.LL_ADC_SetChannelSamplingTime)
    LL_ADC_SetChannelSamplingTime            0x08004bbb   Thumb Code    30  stm32g4xx_hal_adc.o(i.LL_ADC_SetChannelSamplingTime)
    i.LL_ADC_SetOffsetState                  0x08004bd8   Section        0  stm32g4xx_hal_adc.o(i.LL_ADC_SetOffsetState)
    LL_ADC_SetOffsetState                    0x08004bd9   Thumb Code    16  stm32g4xx_hal_adc.o(i.LL_ADC_SetOffsetState)
    i.MX_ADC1_Init                           0x08004be8   Section        0  adc.o(i.MX_ADC1_Init)
    i.MX_ADC2_Init                           0x08004c7c   Section        0  adc.o(i.MX_ADC2_Init)
    i.MX_ADC3_Init                           0x08004cf8   Section        0  adc.o(i.MX_ADC3_Init)
    i.MX_ADC4_Init                           0x08004d8c   Section        0  adc.o(i.MX_ADC4_Init)
    i.MX_ADC5_Init                           0x08004e08   Section        0  adc.o(i.MX_ADC5_Init)
    i.MX_DMA_Init                            0x08004e84   Section        0  dma.o(i.MX_DMA_Init)
    i.MX_GPIO_Init                           0x08004f50   Section        0  gpio.o(i.MX_GPIO_Init)
    i.MX_HRTIM1_Init                         0x080050c0   Section        0  hrtim.o(i.MX_HRTIM1_Init)
    i.MX_I2C2_Init                           0x080052fc   Section        0  i2c.o(i.MX_I2C2_Init)
    i.MX_IWDG_Init                           0x08005354   Section        0  iwdg.o(i.MX_IWDG_Init)
    i.MX_OPAMP1_Init                         0x08005384   Section        0  opamp.o(i.MX_OPAMP1_Init)
    i.MX_OPAMP2_Init                         0x080053b8   Section        0  opamp.o(i.MX_OPAMP2_Init)
    i.MX_OPAMP3_Init                         0x080053ec   Section        0  opamp.o(i.MX_OPAMP3_Init)
    i.MX_OPAMP4_Init                         0x08005420   Section        0  opamp.o(i.MX_OPAMP4_Init)
    i.MX_SPI1_Init                           0x08005454   Section        0  spi.o(i.MX_SPI1_Init)
    i.MX_SPI3_Init                           0x080054a8   Section        0  spi.o(i.MX_SPI3_Init)
    i.MX_TIM16_Init                          0x080054f8   Section        0  tim.o(i.MX_TIM16_Init)
    i.MX_TIM17_Init                          0x08005530   Section        0  tim.o(i.MX_TIM17_Init)
    i.MX_TIM1_Init                           0x08005568   Section        0  tim.o(i.MX_TIM1_Init)
    i.MX_TIM2_Init                           0x080055d8   Section        0  tim.o(i.MX_TIM2_Init)
    i.MX_TIM3_Init                           0x08005670   Section        0  tim.o(i.MX_TIM3_Init)
    i.MX_TIM5_Init                           0x080056e4   Section        0  tim.o(i.MX_TIM5_Init)
    i.MX_TIM6_Init                           0x0800577c   Section        0  tim.o(i.MX_TIM6_Init)
    i.MX_TIM7_Init                           0x080057c4   Section        0  tim.o(i.MX_TIM7_Init)
    i.MX_USART1_UART_Init                    0x0800580c   Section        0  usart.o(i.MX_USART1_UART_Init)
    i.MX_USART3_UART_Init                    0x08005874   Section        0  usart.o(i.MX_USART3_UART_Init)
    i.MemManage_Handler                      0x080058e0   Section        0  stm32g4xx_it.o(i.MemManage_Handler)
    i.MiddleAverageFilter                    0x080058e4   Section        0  math.o(i.MiddleAverageFilter)
    i.NMI_Handler                            0x08005962   Section        0  stm32g4xx_it.o(i.NMI_Handler)
    i.PendSV_Handler                         0x08005968   Section        0  stm32g4xx_it.o(i.PendSV_Handler)
    i.SVC_Handler                            0x0800596a   Section        0  stm32g4xx_it.o(i.SVC_Handler)
    i.SysTick_Handler                        0x0800596c   Section        0  stm32g4xx_it.o(i.SysTick_Handler)
    i.SystemClock_Config                     0x08005970   Section        0  main.o(i.SystemClock_Config)
    i.SystemInit                             0x080059e0   Section        0  system_stm32g4xx.o(i.SystemInit)
    i.TIM1_TRG_COM_TIM17_IRQHandler          0x080059f0   Section        0  stm32g4xx_it.o(i.TIM1_TRG_COM_TIM17_IRQHandler)
    i.TIM1_UP_TIM16_IRQHandler               0x08005a0c   Section        0  stm32g4xx_it.o(i.TIM1_UP_TIM16_IRQHandler)
    i.TIM6_DAC_IRQHandler                    0x08005a28   Section        0  stm32g4xx_it.o(i.TIM6_DAC_IRQHandler)
    i.TIM7_DAC_IRQHandler                    0x08005a34   Section        0  stm32g4xx_it.o(i.TIM7_DAC_IRQHandler)
    i.TIM_Base_SetConfig                     0x08005a40   Section        0  stm32g4xx_hal_tim.o(i.TIM_Base_SetConfig)
    i.TIM_CCxChannelCmd                      0x08005b24   Section        0  stm32g4xx_hal_tim.o(i.TIM_CCxChannelCmd)
    i.TIM_ETR_SetConfig                      0x08005b3e   Section        0  stm32g4xx_hal_tim.o(i.TIM_ETR_SetConfig)
    i.TIM_ITRx_SetConfig                     0x08005b54   Section        0  stm32g4xx_hal_tim.o(i.TIM_ITRx_SetConfig)
    TIM_ITRx_SetConfig                       0x08005b55   Thumb Code    16  stm32g4xx_hal_tim.o(i.TIM_ITRx_SetConfig)
    i.TIM_OC1_SetConfig                      0x08005b68   Section        0  stm32g4xx_hal_tim.o(i.TIM_OC1_SetConfig)
    TIM_OC1_SetConfig                        0x08005b69   Thumb Code   144  stm32g4xx_hal_tim.o(i.TIM_OC1_SetConfig)
    i.TIM_OC2_SetConfig                      0x08005c14   Section        0  stm32g4xx_hal_tim.o(i.TIM_OC2_SetConfig)
    i.TIM_OC3_SetConfig                      0x08005cb4   Section        0  stm32g4xx_hal_tim.o(i.TIM_OC3_SetConfig)
    TIM_OC3_SetConfig                        0x08005cb5   Thumb Code   130  stm32g4xx_hal_tim.o(i.TIM_OC3_SetConfig)
    i.TIM_OC4_SetConfig                      0x08005d54   Section        0  stm32g4xx_hal_tim.o(i.TIM_OC4_SetConfig)
    TIM_OC4_SetConfig                        0x08005d55   Thumb Code   132  stm32g4xx_hal_tim.o(i.TIM_OC4_SetConfig)
    i.TIM_OC5_SetConfig                      0x08005df4   Section        0  stm32g4xx_hal_tim.o(i.TIM_OC5_SetConfig)
    TIM_OC5_SetConfig                        0x08005df5   Thumb Code    92  stm32g4xx_hal_tim.o(i.TIM_OC5_SetConfig)
    i.TIM_OC6_SetConfig                      0x08005e6c   Section        0  stm32g4xx_hal_tim.o(i.TIM_OC6_SetConfig)
    TIM_OC6_SetConfig                        0x08005e6d   Thumb Code    94  stm32g4xx_hal_tim.o(i.TIM_OC6_SetConfig)
    i.TIM_TI1_ConfigInputStage               0x08005ee8   Section        0  stm32g4xx_hal_tim.o(i.TIM_TI1_ConfigInputStage)
    TIM_TI1_ConfigInputStage                 0x08005ee9   Thumb Code    34  stm32g4xx_hal_tim.o(i.TIM_TI1_ConfigInputStage)
    i.TIM_TI2_ConfigInputStage               0x08005f0a   Section        0  stm32g4xx_hal_tim.o(i.TIM_TI2_ConfigInputStage)
    TIM_TI2_ConfigInputStage                 0x08005f0b   Thumb Code    36  stm32g4xx_hal_tim.o(i.TIM_TI2_ConfigInputStage)
    i.UARTEx_SetNbDataToProcess              0x08005f30   Section        0  stm32g4xx_hal_uart_ex.o(i.UARTEx_SetNbDataToProcess)
    UARTEx_SetNbDataToProcess                0x08005f31   Thumb Code    62  stm32g4xx_hal_uart_ex.o(i.UARTEx_SetNbDataToProcess)
    i.UART_AdvFeatureConfig                  0x08005f74   Section        0  stm32g4xx_hal_uart.o(i.UART_AdvFeatureConfig)
    i.UART_CheckIdleState                    0x0800603c   Section        0  stm32g4xx_hal_uart.o(i.UART_CheckIdleState)
    i.UART_DMAAbortOnError                   0x080060e8   Section        0  stm32g4xx_hal_uart.o(i.UART_DMAAbortOnError)
    UART_DMAAbortOnError                     0x080060e9   Thumb Code    20  stm32g4xx_hal_uart.o(i.UART_DMAAbortOnError)
    i.UART_EndRxTransfer                     0x080060fc   Section        0  stm32g4xx_hal_uart.o(i.UART_EndRxTransfer)
    UART_EndRxTransfer                       0x080060fd   Thumb Code    78  stm32g4xx_hal_uart.o(i.UART_EndRxTransfer)
    i.UART_SetConfig                         0x08006150   Section        0  stm32g4xx_hal_uart.o(i.UART_SetConfig)
    i.UART_WaitOnFlagUntilTimeout            0x080063e8   Section        0  stm32g4xx_hal_uart.o(i.UART_WaitOnFlagUntilTimeout)
    i.USART1_IRQHandler                      0x0800647c   Section        0  stm32g4xx_it.o(i.USART1_IRQHandler)
    i.USART3_IRQHandler                      0x08006488   Section        0  stm32g4xx_it.o(i.USART3_IRQHandler)
    i.UsageFault_Handler                     0x08006494   Section        0  stm32g4xx_it.o(i.UsageFault_Handler)
    i.__0printf                              0x08006498   Section        0  printfa.o(i.__0printf)
    i.__NVIC_SetPriority                     0x080064b8   Section        0  stm32g4xx_hal_cortex.o(i.__NVIC_SetPriority)
    __NVIC_SetPriority                       0x080064b9   Thumb Code    32  stm32g4xx_hal_cortex.o(i.__NVIC_SetPriority)
    i.__scatterload_copy                     0x080064d8   Section       14  handlers.o(i.__scatterload_copy)
    i.__scatterload_null                     0x080064e6   Section        2  handlers.o(i.__scatterload_null)
    i.__scatterload_zeroinit                 0x080064e8   Section       14  handlers.o(i.__scatterload_zeroinit)
    i._fp_digits                             0x080064f8   Section        0  printfa.o(i._fp_digits)
    _fp_digits                               0x080064f9   Thumb Code   366  printfa.o(i._fp_digits)
    i._printf_core                           0x0800667c   Section        0  printfa.o(i._printf_core)
    _printf_core                             0x0800667d   Thumb Code  1704  printfa.o(i._printf_core)
    i._printf_post_padding                   0x08006d30   Section        0  printfa.o(i._printf_post_padding)
    _printf_post_padding                     0x08006d31   Thumb Code    36  printfa.o(i._printf_post_padding)
    i._printf_pre_padding                    0x08006d54   Section        0  printfa.o(i._printf_pre_padding)
    _printf_pre_padding                      0x08006d55   Thumb Code    46  printfa.o(i._printf_pre_padding)
    i.fputc                                  0x08006d84   Section        0  main.o(i.fputc)
    i.free                                   0x08006d9c   Section        0  malloc.o(i.free)
    i.main                                   0x08006dec   Section        0  main.o(i.main)
    i.malloc                                 0x08006e70   Section        0  malloc.o(i.malloc)
    .constdata                               0x08006edc   Section       24  stm32g4xx_hal_uart.o(.constdata)
    .constdata                               0x08006ef4   Section       16  stm32g4xx_hal_uart_ex.o(.constdata)
    numerator                                0x08006ef4   Data           8  stm32g4xx_hal_uart_ex.o(.constdata)
    denominator                              0x08006efc   Data           8  stm32g4xx_hal_uart_ex.o(.constdata)
    .constdata                               0x08006f04   Section       16  system_stm32g4xx.o(.constdata)
    .constdata                               0x08006f14   Section        8  system_stm32g4xx.o(.constdata)
    .data                                    0x20000000   Section        4  callback.o(.data)
    i                                        0x20000000   Data           4  callback.o(.data)
    .data                                    0x20000004   Section        8  adc.o(.data)
    HAL_RCC_ADC12_CLK_ENABLED                0x20000004   Data           4  adc.o(.data)
    HAL_RCC_ADC345_CLK_ENABLED               0x20000008   Data           4  adc.o(.data)
    .data                                    0x2000000c   Section       12  stm32g4xx_hal.o(.data)
    .data                                    0x20000018   Section        4  system_stm32g4xx.o(.data)
    .data                                    0x2000001c   Section        4  stdout.o(.data)
    .data                                    0x20000020   Section        4  mvars.o(.data)
    .data                                    0x20000024   Section        4  mvars.o(.data)
    .bss                                     0x20000028   Section      318  function.o(.bss)
    .bss                                     0x20000168   Section     1020  adc.o(.bss)
    .bss                                     0x20000564   Section      252  hrtim.o(.bss)
    .bss                                     0x20000660   Section       84  i2c.o(.bss)
    .bss                                     0x200006b4   Section       16  iwdg.o(.bss)
    .bss                                     0x200006c4   Section      240  opamp.o(.bss)
    .bss                                     0x200007b4   Section      488  spi.o(.bss)
    .bss                                     0x2000099c   Section      608  tim.o(.bss)
    .bss                                     0x20000bfc   Section      392  usart.o(.bss)
    HEAP                                     0x20000d88   Section     1024  startup_stm32g474xx.o(HEAP)
    STACK                                    0x20001188   Section     1024  startup_stm32g474xx.o(STACK)

    Global Symbols

    Symbol Name                              Value     Ov Type        Size  Object(Section)

    BuildAttributes$$THM_ISAv4$E$P$D$K$B$S$7EM$VFPi3$EXTD16$VFPS$VFMA$PE$A:L22UL41UL21$X:L11$S22US41US21$IEEE1$IW$USESV6$~STKCKD$USESV7$~SHL$OSPACE$ROPI$EBA8$MICROLIB$REQ8$PRES8$EABIv2 0x00000000   Number         0  anon$$obj.o ABSOLUTE
    __ARM_use_no_argv                        0x00000000   Number         0  main.o ABSOLUTE
    _printf_a                                0x00000000   Number         0  stubs.o ABSOLUTE
    _printf_c                                0x00000000   Number         0  stubs.o ABSOLUTE
    _printf_charcount                        0x00000000   Number         0  stubs.o ABSOLUTE
    _printf_d                                0x00000000   Number         0  stubs.o ABSOLUTE
    _printf_e                                0x00000000   Number         0  stubs.o ABSOLUTE
    _printf_f                                0x00000000   Number         0  stubs.o ABSOLUTE
    _printf_flags                            0x00000000   Number         0  stubs.o ABSOLUTE
    _printf_fp_dec                           0x00000000   Number         0  stubs.o ABSOLUTE
    _printf_fp_hex                           0x00000000   Number         0  stubs.o ABSOLUTE
    _printf_g                                0x00000000   Number         0  stubs.o ABSOLUTE
    _printf_i                                0x00000000   Number         0  stubs.o ABSOLUTE
    _printf_int_dec                          0x00000000   Number         0  stubs.o ABSOLUTE
    _printf_l                                0x00000000   Number         0  stubs.o ABSOLUTE
    _printf_lc                               0x00000000   Number         0  stubs.o ABSOLUTE
    _printf_ll                               0x00000000   Number         0  stubs.o ABSOLUTE
    _printf_lld                              0x00000000   Number         0  stubs.o ABSOLUTE
    _printf_lli                              0x00000000   Number         0  stubs.o ABSOLUTE
    _printf_llo                              0x00000000   Number         0  stubs.o ABSOLUTE
    _printf_llu                              0x00000000   Number         0  stubs.o ABSOLUTE
    _printf_llx                              0x00000000   Number         0  stubs.o ABSOLUTE
    _printf_longlong_dec                     0x00000000   Number         0  stubs.o ABSOLUTE
    _printf_longlong_hex                     0x00000000   Number         0  stubs.o ABSOLUTE
    _printf_longlong_oct                     0x00000000   Number         0  stubs.o ABSOLUTE
    _printf_ls                               0x00000000   Number         0  stubs.o ABSOLUTE
    _printf_mbtowc                           0x00000000   Number         0  stubs.o ABSOLUTE
    _printf_n                                0x00000000   Number         0  stubs.o ABSOLUTE
    _printf_o                                0x00000000   Number         0  stubs.o ABSOLUTE
    _printf_p                                0x00000000   Number         0  stubs.o ABSOLUTE
    _printf_percent                          0x00000000   Number         0  stubs.o ABSOLUTE
    _printf_pre_padding                      0x00000000   Number         0  stubs.o ABSOLUTE
    _printf_return_value                     0x00000000   Number         0  stubs.o ABSOLUTE
    _printf_s                                0x00000000   Number         0  stubs.o ABSOLUTE
    _printf_sizespec                         0x00000000   Number         0  stubs.o ABSOLUTE
    _printf_str                              0x00000000   Number         0  stubs.o ABSOLUTE
    _printf_truncate_signed                  0x00000000   Number         0  stubs.o ABSOLUTE
    _printf_truncate_unsigned                0x00000000   Number         0  stubs.o ABSOLUTE
    _printf_u                                0x00000000   Number         0  stubs.o ABSOLUTE
    _printf_wc                               0x00000000   Number         0  stubs.o ABSOLUTE
    _printf_wctomb                           0x00000000   Number         0  stubs.o ABSOLUTE
    _printf_widthprec                        0x00000000   Number         0  stubs.o ABSOLUTE
    _printf_x                                0x00000000   Number         0  stubs.o ABSOLUTE
    __arm_fini_                               - Undefined Weak Reference
    __cpp_initialize__aeabi_                  - Undefined Weak Reference
    __cxa_finalize                            - Undefined Weak Reference
    __decompress                              - Undefined Weak Reference
    _clock_init                               - Undefined Weak Reference
    _microlib_exit                            - Undefined Weak Reference
    __Vectors_Size                           0x000001d8   Number         0  startup_stm32g474xx.o ABSOLUTE
    __Vectors                                0x08000000   Data           4  startup_stm32g474xx.o(RESET)
    __Vectors_End                            0x080001d8   Data           0  startup_stm32g474xx.o(RESET)
    __main                                   0x080001d9   Thumb Code     0  entry.o(.ARM.Collect$$$$00000000)
    _main_stk                                0x080001d9   Thumb Code     0  entry2.o(.ARM.Collect$$$$00000001)
    _main_scatterload                        0x080001dd   Thumb Code     0  entry5.o(.ARM.Collect$$$$00000004)
    __main_after_scatterload                 0x080001e1   Thumb Code     0  entry5.o(.ARM.Collect$$$$00000004)
    _main_clock                              0x080001e1   Thumb Code     0  entry7b.o(.ARM.Collect$$$$00000008)
    _main_cpp_init                           0x080001e1   Thumb Code     0  entry8b.o(.ARM.Collect$$$$0000000A)
    _main_init                               0x080001e1   Thumb Code     0  entry9a.o(.ARM.Collect$$$$0000000B)
    __rt_lib_shutdown_fini                   0x080001e9   Thumb Code     0  entry12b.o(.ARM.Collect$$$$0000000E)
    __rt_final_cpp                           0x080001ed   Thumb Code     0  entry10a.o(.ARM.Collect$$$$0000000F)
    __rt_final_exit                          0x080001ed   Thumb Code     0  entry11a.o(.ARM.Collect$$$$00000011)
    Reset_Handler                            0x080001f1   Thumb Code     8  startup_stm32g474xx.o(.text)
    ADC1_2_IRQHandler                        0x0800020b   Thumb Code     0  startup_stm32g474xx.o(.text)
    ADC3_IRQHandler                          0x0800020b   Thumb Code     0  startup_stm32g474xx.o(.text)
    ADC4_IRQHandler                          0x0800020b   Thumb Code     0  startup_stm32g474xx.o(.text)
    ADC5_IRQHandler                          0x0800020b   Thumb Code     0  startup_stm32g474xx.o(.text)
    COMP1_2_3_IRQHandler                     0x0800020b   Thumb Code     0  startup_stm32g474xx.o(.text)
    COMP4_5_6_IRQHandler                     0x0800020b   Thumb Code     0  startup_stm32g474xx.o(.text)
    COMP7_IRQHandler                         0x0800020b   Thumb Code     0  startup_stm32g474xx.o(.text)
    CORDIC_IRQHandler                        0x0800020b   Thumb Code     0  startup_stm32g474xx.o(.text)
    CRS_IRQHandler                           0x0800020b   Thumb Code     0  startup_stm32g474xx.o(.text)
    DMA1_Channel5_IRQHandler                 0x0800020b   Thumb Code     0  startup_stm32g474xx.o(.text)
    DMA1_Channel6_IRQHandler                 0x0800020b   Thumb Code     0  startup_stm32g474xx.o(.text)
    DMA1_Channel7_IRQHandler                 0x0800020b   Thumb Code     0  startup_stm32g474xx.o(.text)
    DMA1_Channel8_IRQHandler                 0x0800020b   Thumb Code     0  startup_stm32g474xx.o(.text)
    DMA2_Channel6_IRQHandler                 0x0800020b   Thumb Code     0  startup_stm32g474xx.o(.text)
    DMA2_Channel7_IRQHandler                 0x0800020b   Thumb Code     0  startup_stm32g474xx.o(.text)
    DMA2_Channel8_IRQHandler                 0x0800020b   Thumb Code     0  startup_stm32g474xx.o(.text)
    DMAMUX_OVR_IRQHandler                    0x0800020b   Thumb Code     0  startup_stm32g474xx.o(.text)
    EXTI0_IRQHandler                         0x0800020b   Thumb Code     0  startup_stm32g474xx.o(.text)
    EXTI1_IRQHandler                         0x0800020b   Thumb Code     0  startup_stm32g474xx.o(.text)
    EXTI4_IRQHandler                         0x0800020b   Thumb Code     0  startup_stm32g474xx.o(.text)
    FDCAN1_IT0_IRQHandler                    0x0800020b   Thumb Code     0  startup_stm32g474xx.o(.text)
    FDCAN1_IT1_IRQHandler                    0x0800020b   Thumb Code     0  startup_stm32g474xx.o(.text)
    FDCAN2_IT0_IRQHandler                    0x0800020b   Thumb Code     0  startup_stm32g474xx.o(.text)
    FDCAN2_IT1_IRQHandler                    0x0800020b   Thumb Code     0  startup_stm32g474xx.o(.text)
    FDCAN3_IT0_IRQHandler                    0x0800020b   Thumb Code     0  startup_stm32g474xx.o(.text)
    FDCAN3_IT1_IRQHandler                    0x0800020b   Thumb Code     0  startup_stm32g474xx.o(.text)
    FLASH_IRQHandler                         0x0800020b   Thumb Code     0  startup_stm32g474xx.o(.text)
    FMAC_IRQHandler                          0x0800020b   Thumb Code     0  startup_stm32g474xx.o(.text)
    FMC_IRQHandler                           0x0800020b   Thumb Code     0  startup_stm32g474xx.o(.text)
    FPU_IRQHandler                           0x0800020b   Thumb Code     0  startup_stm32g474xx.o(.text)
    HRTIM1_FLT_IRQHandler                    0x0800020b   Thumb Code     0  startup_stm32g474xx.o(.text)
    HRTIM1_Master_IRQHandler                 0x0800020b   Thumb Code     0  startup_stm32g474xx.o(.text)
    HRTIM1_TIMA_IRQHandler                   0x0800020b   Thumb Code     0  startup_stm32g474xx.o(.text)
    HRTIM1_TIMB_IRQHandler                   0x0800020b   Thumb Code     0  startup_stm32g474xx.o(.text)
    HRTIM1_TIMC_IRQHandler                   0x0800020b   Thumb Code     0  startup_stm32g474xx.o(.text)
    HRTIM1_TIMD_IRQHandler                   0x0800020b   Thumb Code     0  startup_stm32g474xx.o(.text)
    HRTIM1_TIME_IRQHandler                   0x0800020b   Thumb Code     0  startup_stm32g474xx.o(.text)
    HRTIM1_TIMF_IRQHandler                   0x0800020b   Thumb Code     0  startup_stm32g474xx.o(.text)
    I2C1_ER_IRQHandler                       0x0800020b   Thumb Code     0  startup_stm32g474xx.o(.text)
    I2C1_EV_IRQHandler                       0x0800020b   Thumb Code     0  startup_stm32g474xx.o(.text)
    I2C2_ER_IRQHandler                       0x0800020b   Thumb Code     0  startup_stm32g474xx.o(.text)
    I2C2_EV_IRQHandler                       0x0800020b   Thumb Code     0  startup_stm32g474xx.o(.text)
    I2C3_ER_IRQHandler                       0x0800020b   Thumb Code     0  startup_stm32g474xx.o(.text)
    I2C3_EV_IRQHandler                       0x0800020b   Thumb Code     0  startup_stm32g474xx.o(.text)
    I2C4_ER_IRQHandler                       0x0800020b   Thumb Code     0  startup_stm32g474xx.o(.text)
    I2C4_EV_IRQHandler                       0x0800020b   Thumb Code     0  startup_stm32g474xx.o(.text)
    LPTIM1_IRQHandler                        0x0800020b   Thumb Code     0  startup_stm32g474xx.o(.text)
    LPUART1_IRQHandler                       0x0800020b   Thumb Code     0  startup_stm32g474xx.o(.text)
    PVD_PVM_IRQHandler                       0x0800020b   Thumb Code     0  startup_stm32g474xx.o(.text)
    QUADSPI_IRQHandler                       0x0800020b   Thumb Code     0  startup_stm32g474xx.o(.text)
    RCC_IRQHandler                           0x0800020b   Thumb Code     0  startup_stm32g474xx.o(.text)
    RNG_IRQHandler                           0x0800020b   Thumb Code     0  startup_stm32g474xx.o(.text)
    RTC_Alarm_IRQHandler                     0x0800020b   Thumb Code     0  startup_stm32g474xx.o(.text)
    RTC_TAMP_LSECSS_IRQHandler               0x0800020b   Thumb Code     0  startup_stm32g474xx.o(.text)
    RTC_WKUP_IRQHandler                      0x0800020b   Thumb Code     0  startup_stm32g474xx.o(.text)
    SAI1_IRQHandler                          0x0800020b   Thumb Code     0  startup_stm32g474xx.o(.text)
    SPI1_IRQHandler                          0x0800020b   Thumb Code     0  startup_stm32g474xx.o(.text)
    SPI2_IRQHandler                          0x0800020b   Thumb Code     0  startup_stm32g474xx.o(.text)
    SPI3_IRQHandler                          0x0800020b   Thumb Code     0  startup_stm32g474xx.o(.text)
    SPI4_IRQHandler                          0x0800020b   Thumb Code     0  startup_stm32g474xx.o(.text)
    TIM1_BRK_TIM15_IRQHandler                0x0800020b   Thumb Code     0  startup_stm32g474xx.o(.text)
    TIM1_CC_IRQHandler                       0x0800020b   Thumb Code     0  startup_stm32g474xx.o(.text)
    TIM20_BRK_IRQHandler                     0x0800020b   Thumb Code     0  startup_stm32g474xx.o(.text)
    TIM20_CC_IRQHandler                      0x0800020b   Thumb Code     0  startup_stm32g474xx.o(.text)
    TIM20_TRG_COM_IRQHandler                 0x0800020b   Thumb Code     0  startup_stm32g474xx.o(.text)
    TIM20_UP_IRQHandler                      0x0800020b   Thumb Code     0  startup_stm32g474xx.o(.text)
    TIM2_IRQHandler                          0x0800020b   Thumb Code     0  startup_stm32g474xx.o(.text)
    TIM3_IRQHandler                          0x0800020b   Thumb Code     0  startup_stm32g474xx.o(.text)
    TIM4_IRQHandler                          0x0800020b   Thumb Code     0  startup_stm32g474xx.o(.text)
    TIM5_IRQHandler                          0x0800020b   Thumb Code     0  startup_stm32g474xx.o(.text)
    TIM8_BRK_IRQHandler                      0x0800020b   Thumb Code     0  startup_stm32g474xx.o(.text)
    TIM8_CC_IRQHandler                       0x0800020b   Thumb Code     0  startup_stm32g474xx.o(.text)
    TIM8_TRG_COM_IRQHandler                  0x0800020b   Thumb Code     0  startup_stm32g474xx.o(.text)
    TIM8_UP_IRQHandler                       0x0800020b   Thumb Code     0  startup_stm32g474xx.o(.text)
    UART4_IRQHandler                         0x0800020b   Thumb Code     0  startup_stm32g474xx.o(.text)
    UART5_IRQHandler                         0x0800020b   Thumb Code     0  startup_stm32g474xx.o(.text)
    UCPD1_IRQHandler                         0x0800020b   Thumb Code     0  startup_stm32g474xx.o(.text)
    USART2_IRQHandler                        0x0800020b   Thumb Code     0  startup_stm32g474xx.o(.text)
    USBWakeUp_IRQHandler                     0x0800020b   Thumb Code     0  startup_stm32g474xx.o(.text)
    USB_HP_IRQHandler                        0x0800020b   Thumb Code     0  startup_stm32g474xx.o(.text)
    USB_LP_IRQHandler                        0x0800020b   Thumb Code     0  startup_stm32g474xx.o(.text)
    WWDG_IRQHandler                          0x0800020b   Thumb Code     0  startup_stm32g474xx.o(.text)
    __aeabi_uldivmod                         0x08000215   Thumb Code    98  uldiv.o(.text)
    __aeabi_memset                           0x08000277   Thumb Code    14  memseta.o(.text)
    __aeabi_memset4                          0x08000277   Thumb Code     0  memseta.o(.text)
    __aeabi_memset8                          0x08000277   Thumb Code     0  memseta.o(.text)
    __aeabi_memclr                           0x08000285   Thumb Code     4  memseta.o(.text)
    __aeabi_memclr4                          0x08000285   Thumb Code     0  memseta.o(.text)
    __aeabi_memclr8                          0x08000285   Thumb Code     0  memseta.o(.text)
    _memset$wrapper                          0x08000289   Thumb Code    18  memseta.o(.text)
    __aeabi_uidiv                            0x0800029b   Thumb Code     0  uidiv.o(.text)
    __aeabi_uidivmod                         0x0800029b   Thumb Code    44  uidiv.o(.text)
    __aeabi_llsl                             0x080002c7   Thumb Code    30  llshl.o(.text)
    _ll_shift_l                              0x080002c7   Thumb Code     0  llshl.o(.text)
    __aeabi_llsr                             0x080002e5   Thumb Code    32  llushr.o(.text)
    _ll_ushift_r                             0x080002e5   Thumb Code     0  llushr.o(.text)
    __I$use$fp                               0x08000305   Thumb Code     0  iusefp.o(.text)
    __aeabi_dadd                             0x08000305   Thumb Code   322  dadd.o(.text)
    __aeabi_dsub                             0x08000447   Thumb Code     6  dadd.o(.text)
    __aeabi_drsub                            0x0800044d   Thumb Code     6  dadd.o(.text)
    __aeabi_dmul                             0x08000453   Thumb Code   228  dmul.o(.text)
    __aeabi_ddiv                             0x08000537   Thumb Code   222  ddiv.o(.text)
    __aeabi_d2ulz                            0x08000615   Thumb Code    48  dfixul.o(.text)
    __aeabi_cdrcmple                         0x08000645   Thumb Code    48  cdrcmple.o(.text)
    __scatterload                            0x08000675   Thumb Code    28  init.o(.text)
    __scatterload_rt2                        0x08000675   Thumb Code     0  init.o(.text)
    __aeabi_lasr                             0x08000699   Thumb Code    36  llsshr.o(.text)
    _ll_sshift_r                             0x08000699   Thumb Code     0  llsshr.o(.text)
    _double_round                            0x080006bd   Thumb Code    30  depilogue.o(.text)
    _double_epilogue                         0x080006db   Thumb Code   156  depilogue.o(.text)
    ADC_SampleCodeGet                        0x08000779   Thumb Code    64  function.o(ccmram)
    ADC_SampleConversion                     0x080007b9   Thumb Code   286  function.o(ccmram)
    FAN_Process                              0x080008d7   Thumb Code    22  function.o(ccmram)
    KEY_Process                              0x080008ed   Thumb Code    38  function.o(ccmram)
    Encoder_Process                          0x08000913   Thumb Code    28  function.o(ccmram)
    ADC_DMAConvCplt                          0x080009a5   Thumb Code   104  stm32g4xx_hal_adc.o(i.ADC_DMAConvCplt)
    ADC_DMAError                             0x08000a0d   Thumb Code    26  stm32g4xx_hal_adc.o(i.ADC_DMAError)
    ADC_DMAHalfConvCplt                      0x08000a27   Thumb Code    10  stm32g4xx_hal_adc.o(i.ADC_DMAHalfConvCplt)
    ADC_Disable                              0x08000a31   Thumb Code   106  stm32g4xx_hal_adc.o(i.ADC_Disable)
    ADC_Enable                               0x08000aa1   Thumb Code   172  stm32g4xx_hal_adc.o(i.ADC_Enable)
    BoardDevice_Init                         0x08000b65   Thumb Code   146  function.o(i.BoardDevice_Init)
    BusFault_Handler                         0x08000c3d   Thumb Code     2  stm32g4xx_it.o(i.BusFault_Handler)
    DMA1_Channel1_IRQHandler                 0x08000c41   Thumb Code     6  stm32g4xx_it.o(i.DMA1_Channel1_IRQHandler)
    DMA1_Channel2_IRQHandler                 0x08000c4d   Thumb Code     6  stm32g4xx_it.o(i.DMA1_Channel2_IRQHandler)
    DMA1_Channel3_IRQHandler                 0x08000c59   Thumb Code     6  stm32g4xx_it.o(i.DMA1_Channel3_IRQHandler)
    DMA1_Channel4_IRQHandler                 0x08000c65   Thumb Code     6  stm32g4xx_it.o(i.DMA1_Channel4_IRQHandler)
    DMA2_Channel1_IRQHandler                 0x08000c71   Thumb Code     6  stm32g4xx_it.o(i.DMA2_Channel1_IRQHandler)
    DMA2_Channel2_IRQHandler                 0x08000c7d   Thumb Code     6  stm32g4xx_it.o(i.DMA2_Channel2_IRQHandler)
    DMA2_Channel3_IRQHandler                 0x08000c89   Thumb Code     6  stm32g4xx_it.o(i.DMA2_Channel3_IRQHandler)
    DMA2_Channel4_IRQHandler                 0x08000c95   Thumb Code     6  stm32g4xx_it.o(i.DMA2_Channel4_IRQHandler)
    DMA2_Channel5_IRQHandler                 0x08000ca1   Thumb Code     6  stm32g4xx_it.o(i.DMA2_Channel5_IRQHandler)
    DebugMon_Handler                         0x08000d4f   Thumb Code     2  stm32g4xx_it.o(i.DebugMon_Handler)
    EXTI15_10_IRQHandler                     0x08000d51   Thumb Code     8  stm32g4xx_it.o(i.EXTI15_10_IRQHandler)
    EXTI2_IRQHandler                         0x08000d59   Thumb Code     6  stm32g4xx_it.o(i.EXTI2_IRQHandler)
    EXTI3_IRQHandler                         0x08000d5f   Thumb Code     6  stm32g4xx_it.o(i.EXTI3_IRQHandler)
    EXTI9_5_IRQHandler                       0x08000d65   Thumb Code    18  stm32g4xx_it.o(i.EXTI9_5_IRQHandler)
    Error_Handler                            0x08000d77   Thumb Code     4  main.o(i.Error_Handler)
    HAL_ADCEx_Calibration_Start              0x08000d7d   Thumb Code   138  stm32g4xx_hal_adc_ex.o(i.HAL_ADCEx_Calibration_Start)
    HAL_ADCEx_MultiModeConfigChannel         0x08000e11   Thumb Code   326  stm32g4xx_hal_adc_ex.o(i.HAL_ADCEx_MultiModeConfigChannel)
    HAL_ADC_ConfigChannel                    0x08000f71   Thumb Code  1066  stm32g4xx_hal_adc.o(i.HAL_ADC_ConfigChannel)
    HAL_ADC_ConvCpltCallback                 0x080013dd   Thumb Code     4  callback.o(i.HAL_ADC_ConvCpltCallback)
    HAL_ADC_ConvHalfCpltCallback             0x080013e1   Thumb Code     2  stm32g4xx_hal_adc.o(i.HAL_ADC_ConvHalfCpltCallback)
    HAL_ADC_ErrorCallback                    0x080013e3   Thumb Code     2  stm32g4xx_hal_adc.o(i.HAL_ADC_ErrorCallback)
    HAL_ADC_Init                             0x080013e5   Thumb Code   510  stm32g4xx_hal_adc.o(i.HAL_ADC_Init)
    HAL_ADC_MspInit                          0x08001615   Thumb Code   592  adc.o(i.HAL_ADC_MspInit)
    HAL_ADC_Start_DMA                        0x0800188d   Thumb Code   260  stm32g4xx_hal_adc.o(i.HAL_ADC_Start_DMA)
    HAL_DMA_Abort                            0x080019b9   Thumb Code   106  stm32g4xx_hal_dma.o(i.HAL_DMA_Abort)
    HAL_DMA_Abort_IT                         0x08001a23   Thumb Code   120  stm32g4xx_hal_dma.o(i.HAL_DMA_Abort_IT)
    HAL_DMA_IRQHandler                       0x08001a9b   Thumb Code   186  stm32g4xx_hal_dma.o(i.HAL_DMA_IRQHandler)
    HAL_DMA_Init                             0x08001b55   Thumb Code   178  stm32g4xx_hal_dma.o(i.HAL_DMA_Init)
    HAL_DMA_Start_IT                         0x08001c15   Thumb Code   140  stm32g4xx_hal_dma.o(i.HAL_DMA_Start_IT)
    HAL_Delay                                0x08001ca1   Thumb Code    32  stm32g4xx_hal.o(i.HAL_Delay)
    HAL_GPIO_EXTI_Callback                   0x08001cc5   Thumb Code     4  callback.o(i.HAL_GPIO_EXTI_Callback)
    HAL_GPIO_EXTI_IRQHandler                 0x08001cc9   Thumb Code    18  stm32g4xx_hal_gpio.o(i.HAL_GPIO_EXTI_IRQHandler)
    HAL_GPIO_Init                            0x08001ce1   Thumb Code   550  stm32g4xx_hal_gpio.o(i.HAL_GPIO_Init)
    HAL_GPIO_WritePin                        0x08001f29   Thumb Code    10  stm32g4xx_hal_gpio.o(i.HAL_GPIO_WritePin)
    HAL_GetTick                              0x08001f35   Thumb Code     6  stm32g4xx_hal.o(i.HAL_GetTick)
    HAL_HRTIM_DLLCalibrationStart            0x08001f41   Thumb Code    98  stm32g4xx_hal_hrtim.o(i.HAL_HRTIM_DLLCalibrationStart)
    HAL_HRTIM_DeadTimeConfig                 0x08001fa5   Thumb Code   136  stm32g4xx_hal_hrtim.o(i.HAL_HRTIM_DeadTimeConfig)
    HAL_HRTIM_Init                           0x08002031   Thumb Code   184  stm32g4xx_hal_hrtim.o(i.HAL_HRTIM_Init)
    HAL_HRTIM_MspInit                        0x080020f1   Thumb Code    30  hrtim.o(i.HAL_HRTIM_MspInit)
    HAL_HRTIM_MspPostInit                    0x08002119   Thumb Code    92  hrtim.o(i.HAL_HRTIM_MspPostInit)
    HAL_HRTIM_PollForDLLCalibration          0x08002181   Thumb Code    66  stm32g4xx_hal_hrtim.o(i.HAL_HRTIM_PollForDLLCalibration)
    HAL_HRTIM_TimeBaseConfig                 0x080021c3   Thumb Code   122  stm32g4xx_hal_hrtim.o(i.HAL_HRTIM_TimeBaseConfig)
    HAL_HRTIM_WaveformCompareConfig          0x0800223d   Thumb Code   308  stm32g4xx_hal_hrtim.o(i.HAL_HRTIM_WaveformCompareConfig)
    HAL_HRTIM_WaveformCountStart             0x08002371   Thumb Code    44  stm32g4xx_hal_hrtim.o(i.HAL_HRTIM_WaveformCountStart)
    HAL_HRTIM_WaveformOutputConfig           0x0800239d   Thumb Code    54  stm32g4xx_hal_hrtim.o(i.HAL_HRTIM_WaveformOutputConfig)
    HAL_HRTIM_WaveformOutputStart            0x080023d3   Thumb Code    48  stm32g4xx_hal_hrtim.o(i.HAL_HRTIM_WaveformOutputStart)
    HAL_HRTIM_WaveformTimerConfig            0x08002403   Thumb Code   144  stm32g4xx_hal_hrtim.o(i.HAL_HRTIM_WaveformTimerConfig)
    HAL_HRTIM_WaveformTimerControl           0x08002493   Thumb Code   132  stm32g4xx_hal_hrtim.o(i.HAL_HRTIM_WaveformTimerControl)
    HAL_I2CEx_ConfigAnalogFilter             0x08002517   Thumb Code    86  stm32g4xx_hal_i2c_ex.o(i.HAL_I2CEx_ConfigAnalogFilter)
    HAL_I2CEx_ConfigDigitalFilter            0x0800256d   Thumb Code    82  stm32g4xx_hal_i2c_ex.o(i.HAL_I2CEx_ConfigDigitalFilter)
    HAL_I2C_Init                             0x080025c1   Thumb Code   184  stm32g4xx_hal_i2c.o(i.HAL_I2C_Init)
    HAL_I2C_MspInit                          0x0800267d   Thumb Code   116  i2c.o(i.HAL_I2C_MspInit)
    HAL_IWDG_Init                            0x080026f9   Thumb Code   102  stm32g4xx_hal_iwdg.o(i.HAL_IWDG_Init)
    HAL_IncTick                              0x08002761   Thumb Code    12  stm32g4xx_hal.o(i.HAL_IncTick)
    HAL_Init                                 0x08002771   Thumb Code    30  stm32g4xx_hal.o(i.HAL_Init)
    HAL_InitTick                             0x08002791   Thumb Code    58  stm32g4xx_hal.o(i.HAL_InitTick)
    HAL_MspInit                              0x080027d5   Thumb Code    42  stm32g4xx_hal_msp.o(i.HAL_MspInit)
    HAL_NVIC_EnableIRQ                       0x08002805   Thumb Code    26  stm32g4xx_hal_cortex.o(i.HAL_NVIC_EnableIRQ)
    HAL_NVIC_SetPriority                     0x08002821   Thumb Code    60  stm32g4xx_hal_cortex.o(i.HAL_NVIC_SetPriority)
    HAL_NVIC_SetPriorityGrouping             0x08002861   Thumb Code    26  stm32g4xx_hal_cortex.o(i.HAL_NVIC_SetPriorityGrouping)
    HAL_OPAMP_Init                           0x08002885   Thumb Code   236  stm32g4xx_hal_opamp.o(i.HAL_OPAMP_Init)
    HAL_OPAMP_MspInit                        0x08002979   Thumb Code   154  opamp.o(i.HAL_OPAMP_MspInit)
    HAL_OPAMP_Start                          0x08002a21   Thumb Code    44  stm32g4xx_hal_opamp.o(i.HAL_OPAMP_Start)
    HAL_PWREx_ControlVoltageScaling          0x08002a4d   Thumb Code   174  stm32g4xx_hal_pwr_ex.o(i.HAL_PWREx_ControlVoltageScaling)
    HAL_PWREx_DisableUCPDDeadBattery         0x08002b09   Thumb Code    12  stm32g4xx_hal_pwr_ex.o(i.HAL_PWREx_DisableUCPDDeadBattery)
    HAL_RCCEx_PeriphCLKConfig                0x08002b19   Thumb Code   758  stm32g4xx_hal_rcc_ex.o(i.HAL_RCCEx_PeriphCLKConfig)
    HAL_RCC_CSSCallback                      0x08002e19   Thumb Code     2  stm32g4xx_hal_rcc.o(i.HAL_RCC_CSSCallback)
    HAL_RCC_ClockConfig                      0x08002e1d   Thumb Code   444  stm32g4xx_hal_rcc.o(i.HAL_RCC_ClockConfig)
    HAL_RCC_EnableCSS                        0x08002ff9   Thumb Code    12  stm32g4xx_hal_rcc.o(i.HAL_RCC_EnableCSS)
    HAL_RCC_GetPCLK1Freq                     0x08003009   Thumb Code    24  stm32g4xx_hal_rcc.o(i.HAL_RCC_GetPCLK1Freq)
    HAL_RCC_GetPCLK2Freq                     0x0800302d   Thumb Code    24  stm32g4xx_hal_rcc.o(i.HAL_RCC_GetPCLK2Freq)
    HAL_RCC_GetSysClockFreq                  0x08003051   Thumb Code    98  stm32g4xx_hal_rcc.o(i.HAL_RCC_GetSysClockFreq)
    HAL_RCC_NMI_IRQHandler                   0x080030c1   Thumb Code    20  stm32g4xx_hal_rcc.o(i.HAL_RCC_NMI_IRQHandler)
    HAL_RCC_OscConfig                        0x080030d9   Thumb Code  1028  stm32g4xx_hal_rcc.o(i.HAL_RCC_OscConfig)
    HAL_SPI_Init                             0x080034dd   Thumb Code   234  stm32g4xx_hal_spi.o(i.HAL_SPI_Init)
    HAL_SPI_MspInit                          0x080035c9   Thumb Code   290  spi.o(i.HAL_SPI_MspInit)
    HAL_SYSTICK_Config                       0x08003709   Thumb Code    40  stm32g4xx_hal_cortex.o(i.HAL_SYSTICK_Config)
    HAL_TIMEx_Break2Callback                 0x08003731   Thumb Code     2  stm32g4xx_hal_tim_ex.o(i.HAL_TIMEx_Break2Callback)
    HAL_TIMEx_BreakCallback                  0x08003733   Thumb Code     2  stm32g4xx_hal_tim_ex.o(i.HAL_TIMEx_BreakCallback)
    HAL_TIMEx_CommutCallback                 0x08003735   Thumb Code     2  stm32g4xx_hal_tim_ex.o(i.HAL_TIMEx_CommutCallback)
    HAL_TIMEx_DirectionChangeCallback        0x08003737   Thumb Code     2  stm32g4xx_hal_tim_ex.o(i.HAL_TIMEx_DirectionChangeCallback)
    HAL_TIMEx_EncoderIndexCallback           0x08003739   Thumb Code     2  stm32g4xx_hal_tim_ex.o(i.HAL_TIMEx_EncoderIndexCallback)
    HAL_TIMEx_IndexErrorCallback             0x0800373b   Thumb Code     2  stm32g4xx_hal_tim_ex.o(i.HAL_TIMEx_IndexErrorCallback)
    HAL_TIMEx_MasterConfigSynchronization    0x0800373d   Thumb Code   150  stm32g4xx_hal_tim_ex.o(i.HAL_TIMEx_MasterConfigSynchronization)
    HAL_TIMEx_TransitionErrorCallback        0x080037f5   Thumb Code     2  stm32g4xx_hal_tim_ex.o(i.HAL_TIMEx_TransitionErrorCallback)
    HAL_TIM_Base_Init                        0x080037f7   Thumb Code    98  stm32g4xx_hal_tim.o(i.HAL_TIM_Base_Init)
    HAL_TIM_Base_MspInit                     0x08003859   Thumb Code   202  tim.o(i.HAL_TIM_Base_MspInit)
    HAL_TIM_Base_Start_IT                    0x0800393d   Thumb Code   106  stm32g4xx_hal_tim.o(i.HAL_TIM_Base_Start_IT)
    HAL_TIM_ConfigClockSource                0x080039c9   Thumb Code   234  stm32g4xx_hal_tim.o(i.HAL_TIM_ConfigClockSource)
    HAL_TIM_Encoder_Init                     0x08003ab9   Thumb Code   162  stm32g4xx_hal_tim.o(i.HAL_TIM_Encoder_Init)
    HAL_TIM_Encoder_MspInit                  0x08003b61   Thumb Code   116  tim.o(i.HAL_TIM_Encoder_MspInit)
    HAL_TIM_Encoder_Start                    0x08003be1   Thumb Code   142  stm32g4xx_hal_tim.o(i.HAL_TIM_Encoder_Start)
    HAL_TIM_IC_CaptureCallback               0x08003c6f   Thumb Code     2  stm32g4xx_hal_tim.o(i.HAL_TIM_IC_CaptureCallback)
    HAL_TIM_IRQHandler                       0x08003c71   Thumb Code   418  stm32g4xx_hal_tim.o(i.HAL_TIM_IRQHandler)
    HAL_TIM_MspPostInit                      0x08003e15   Thumb Code   150  tim.o(i.HAL_TIM_MspPostInit)
    HAL_TIM_OC_DelayElapsedCallback          0x08003ebd   Thumb Code     2  stm32g4xx_hal_tim.o(i.HAL_TIM_OC_DelayElapsedCallback)
    HAL_TIM_PWM_ConfigChannel                0x08003ebf   Thumb Code   292  stm32g4xx_hal_tim.o(i.HAL_TIM_PWM_ConfigChannel)
    HAL_TIM_PWM_Init                         0x08003fe3   Thumb Code    98  stm32g4xx_hal_tim.o(i.HAL_TIM_PWM_Init)
    HAL_TIM_PWM_MspInit                      0x08004045   Thumb Code    30  tim.o(i.HAL_TIM_PWM_MspInit)
    HAL_TIM_PWM_PulseFinishedCallback        0x0800406d   Thumb Code     2  stm32g4xx_hal_tim.o(i.HAL_TIM_PWM_PulseFinishedCallback)
    HAL_TIM_PWM_Start                        0x08004071   Thumb Code   234  stm32g4xx_hal_tim.o(i.HAL_TIM_PWM_Start)
    HAL_TIM_PeriodElapsedCallback            0x08004185   Thumb Code    52  callback.o(i.HAL_TIM_PeriodElapsedCallback)
    HAL_TIM_TriggerCallback                  0x080041c9   Thumb Code     2  stm32g4xx_hal_tim.o(i.HAL_TIM_TriggerCallback)
    HAL_UARTEx_DisableFifoMode               0x080041cb   Thumb Code    62  stm32g4xx_hal_uart_ex.o(i.HAL_UARTEx_DisableFifoMode)
    HAL_UARTEx_RxEventCallback               0x08004209   Thumb Code     2  stm32g4xx_hal_uart.o(i.HAL_UARTEx_RxEventCallback)
    HAL_UARTEx_RxFifoFullCallback            0x0800420b   Thumb Code     2  stm32g4xx_hal_uart_ex.o(i.HAL_UARTEx_RxFifoFullCallback)
    HAL_UARTEx_SetRxFifoThreshold            0x0800420d   Thumb Code    76  stm32g4xx_hal_uart_ex.o(i.HAL_UARTEx_SetRxFifoThreshold)
    HAL_UARTEx_SetTxFifoThreshold            0x08004259   Thumb Code    76  stm32g4xx_hal_uart_ex.o(i.HAL_UARTEx_SetTxFifoThreshold)
    HAL_UARTEx_TxFifoEmptyCallback           0x080042a5   Thumb Code     2  stm32g4xx_hal_uart_ex.o(i.HAL_UARTEx_TxFifoEmptyCallback)
    HAL_UARTEx_WakeupCallback                0x080042a7   Thumb Code     2  stm32g4xx_hal_uart_ex.o(i.HAL_UARTEx_WakeupCallback)
    HAL_UART_ErrorCallback                   0x080042a9   Thumb Code     2  stm32g4xx_hal_uart.o(i.HAL_UART_ErrorCallback)
    HAL_UART_IRQHandler                      0x080042ad   Thumb Code   782  stm32g4xx_hal_uart.o(i.HAL_UART_IRQHandler)
    HAL_UART_Init                            0x080045c9   Thumb Code   106  stm32g4xx_hal_uart.o(i.HAL_UART_Init)
    HAL_UART_MspInit                         0x08004635   Thumb Code   272  usart.o(i.HAL_UART_MspInit)
    HAL_UART_Transmit                        0x08004761   Thumb Code   174  stm32g4xx_hal_uart.o(i.HAL_UART_Transmit)
    HAL_UART_TxCpltCallback                  0x0800480f   Thumb Code     2  stm32g4xx_hal_uart.o(i.HAL_UART_TxCpltCallback)
    HardFault_Handler                        0x08004b85   Thumb Code     2  stm32g4xx_it.o(i.HardFault_Handler)
    MX_ADC1_Init                             0x08004be9   Thumb Code   138  adc.o(i.MX_ADC1_Init)
    MX_ADC2_Init                             0x08004c7d   Thumb Code   112  adc.o(i.MX_ADC2_Init)
    MX_ADC3_Init                             0x08004cf9   Thumb Code   134  adc.o(i.MX_ADC3_Init)
    MX_ADC4_Init                             0x08004d8d   Thumb Code   112  adc.o(i.MX_ADC4_Init)
    MX_ADC5_Init                             0x08004e09   Thumb Code   110  adc.o(i.MX_ADC5_Init)
    MX_DMA_Init                              0x08004e85   Thumb Code   200  dma.o(i.MX_DMA_Init)
    MX_GPIO_Init                             0x08004f51   Thumb Code   352  gpio.o(i.MX_GPIO_Init)
    MX_HRTIM1_Init                           0x080050c1   Thumb Code   562  hrtim.o(i.MX_HRTIM1_Init)
    MX_I2C2_Init                             0x080052fd   Thumb Code    76  i2c.o(i.MX_I2C2_Init)
    MX_IWDG_Init                             0x08005355   Thumb Code    38  iwdg.o(i.MX_IWDG_Init)
    MX_OPAMP1_Init                           0x08005385   Thumb Code    42  opamp.o(i.MX_OPAMP1_Init)
    MX_OPAMP2_Init                           0x080053b9   Thumb Code    42  opamp.o(i.MX_OPAMP2_Init)
    MX_OPAMP3_Init                           0x080053ed   Thumb Code    42  opamp.o(i.MX_OPAMP3_Init)
    MX_OPAMP4_Init                           0x08005421   Thumb Code    42  opamp.o(i.MX_OPAMP4_Init)
    MX_SPI1_Init                             0x08005455   Thumb Code    76  spi.o(i.MX_SPI1_Init)
    MX_SPI3_Init                             0x080054a9   Thumb Code    72  spi.o(i.MX_SPI3_Init)
    MX_TIM16_Init                            0x080054f9   Thumb Code    48  tim.o(i.MX_TIM16_Init)
    MX_TIM17_Init                            0x08005531   Thumb Code    48  tim.o(i.MX_TIM17_Init)
    MX_TIM1_Init                             0x08005569   Thumb Code   104  tim.o(i.MX_TIM1_Init)
    MX_TIM2_Init                             0x080055d9   Thumb Code   148  tim.o(i.MX_TIM2_Init)
    MX_TIM3_Init                             0x08005671   Thumb Code   106  tim.o(i.MX_TIM3_Init)
    MX_TIM5_Init                             0x080056e5   Thumb Code   142  tim.o(i.MX_TIM5_Init)
    MX_TIM6_Init                             0x0800577d   Thumb Code    64  tim.o(i.MX_TIM6_Init)
    MX_TIM7_Init                             0x080057c5   Thumb Code    62  tim.o(i.MX_TIM7_Init)
    MX_USART1_UART_Init                      0x0800580d   Thumb Code    94  usart.o(i.MX_USART1_UART_Init)
    MX_USART3_UART_Init                      0x08005875   Thumb Code    98  usart.o(i.MX_USART3_UART_Init)
    MemManage_Handler                        0x080058e1   Thumb Code     2  stm32g4xx_it.o(i.MemManage_Handler)
    MiddleAverageFilter                      0x080058e5   Thumb Code   126  math.o(i.MiddleAverageFilter)
    NMI_Handler                              0x08005963   Thumb Code     6  stm32g4xx_it.o(i.NMI_Handler)
    PendSV_Handler                           0x08005969   Thumb Code     2  stm32g4xx_it.o(i.PendSV_Handler)
    SVC_Handler                              0x0800596b   Thumb Code     2  stm32g4xx_it.o(i.SVC_Handler)
    SysTick_Handler                          0x0800596d   Thumb Code     4  stm32g4xx_it.o(i.SysTick_Handler)
    SystemClock_Config                       0x08005971   Thumb Code   110  main.o(i.SystemClock_Config)
    SystemInit                               0x080059e1   Thumb Code    12  system_stm32g4xx.o(i.SystemInit)
    TIM1_TRG_COM_TIM17_IRQHandler            0x080059f1   Thumb Code    18  stm32g4xx_it.o(i.TIM1_TRG_COM_TIM17_IRQHandler)
    TIM1_UP_TIM16_IRQHandler                 0x08005a0d   Thumb Code    18  stm32g4xx_it.o(i.TIM1_UP_TIM16_IRQHandler)
    TIM6_DAC_IRQHandler                      0x08005a29   Thumb Code     6  stm32g4xx_it.o(i.TIM6_DAC_IRQHandler)
    TIM7_DAC_IRQHandler                      0x08005a35   Thumb Code     6  stm32g4xx_it.o(i.TIM7_DAC_IRQHandler)
    TIM_Base_SetConfig                       0x08005a41   Thumb Code   190  stm32g4xx_hal_tim.o(i.TIM_Base_SetConfig)
    TIM_CCxChannelCmd                        0x08005b25   Thumb Code    26  stm32g4xx_hal_tim.o(i.TIM_CCxChannelCmd)
    TIM_ETR_SetConfig                        0x08005b3f   Thumb Code    20  stm32g4xx_hal_tim.o(i.TIM_ETR_SetConfig)
    TIM_OC2_SetConfig                        0x08005c15   Thumb Code   132  stm32g4xx_hal_tim.o(i.TIM_OC2_SetConfig)
    UART_AdvFeatureConfig                    0x08005f75   Thumb Code   200  stm32g4xx_hal_uart.o(i.UART_AdvFeatureConfig)
    UART_CheckIdleState                      0x0800603d   Thumb Code   172  stm32g4xx_hal_uart.o(i.UART_CheckIdleState)
    UART_SetConfig                           0x08006151   Thumb Code   614  stm32g4xx_hal_uart.o(i.UART_SetConfig)
    UART_WaitOnFlagUntilTimeout              0x080063e9   Thumb Code   148  stm32g4xx_hal_uart.o(i.UART_WaitOnFlagUntilTimeout)
    USART1_IRQHandler                        0x0800647d   Thumb Code     6  stm32g4xx_it.o(i.USART1_IRQHandler)
    USART3_IRQHandler                        0x08006489   Thumb Code     6  stm32g4xx_it.o(i.USART3_IRQHandler)
    UsageFault_Handler                       0x08006495   Thumb Code     2  stm32g4xx_it.o(i.UsageFault_Handler)
    __0printf                                0x08006499   Thumb Code    22  printfa.o(i.__0printf)
    __1printf                                0x08006499   Thumb Code     0  printfa.o(i.__0printf)
    __2printf                                0x08006499   Thumb Code     0  printfa.o(i.__0printf)
    __c89printf                              0x08006499   Thumb Code     0  printfa.o(i.__0printf)
    printf                                   0x08006499   Thumb Code     0  printfa.o(i.__0printf)
    __scatterload_copy                       0x080064d9   Thumb Code    14  handlers.o(i.__scatterload_copy)
    __scatterload_null                       0x080064e7   Thumb Code     2  handlers.o(i.__scatterload_null)
    __scatterload_zeroinit                   0x080064e9   Thumb Code    14  handlers.o(i.__scatterload_zeroinit)
    fputc                                    0x08006d85   Thumb Code    20  main.o(i.fputc)
    free                                     0x08006d9d   Thumb Code    76  malloc.o(i.free)
    main                                     0x08006ded   Thumb Code   132  main.o(i.main)
    malloc                                   0x08006e71   Thumb Code    92  malloc.o(i.malloc)
    UARTPrescTable                           0x08006edc   Data          24  stm32g4xx_hal_uart.o(.constdata)
    AHBPrescTable                            0x08006f04   Data          16  system_stm32g4xx.o(.constdata)
    APBPrescTable                            0x08006f14   Data           8  system_stm32g4xx.o(.constdata)
    Region$$Table$$Base                      0x08006f1c   Number         0  anon$$obj.o(Region$$Table)
    Region$$Table$$Limit                     0x08006f3c   Number         0  anon$$obj.o(Region$$Table)
    uwTickPrio                               0x2000000c   Data           4  stm32g4xx_hal.o(.data)
    uwTickFreq                               0x20000010   Data           4  stm32g4xx_hal.o(.data)
    uwTick                                   0x20000014   Data           4  stm32g4xx_hal.o(.data)
    SystemCoreClock                          0x20000018   Data           4  system_stm32g4xx.o(.data)
    __stdout                                 0x2000001c   Data           4  stdout.o(.data)
    __microlib_freelist                      0x20000020   Data           4  mvars.o(.data)
    __microlib_freelist_initialised          0x20000024   Data           4  mvars.o(.data)
    ADCSAPCODE                               0x20000028   Data         264  function.o(.bss)
    ADCSAPCOV                                0x20000130   Data          24  function.o(.bss)
    BD                                       0x20000148   Data          30  function.o(.bss)
    hadc1                                    0x20000168   Data         108  adc.o(.bss)
    hadc2                                    0x200001d4   Data         108  adc.o(.bss)
    hadc3                                    0x20000240   Data         108  adc.o(.bss)
    hadc4                                    0x200002ac   Data         108  adc.o(.bss)
    hadc5                                    0x20000318   Data         108  adc.o(.bss)
    hdma_adc1                                0x20000384   Data          96  adc.o(.bss)
    hdma_adc2                                0x200003e4   Data          96  adc.o(.bss)
    hdma_adc3                                0x20000444   Data          96  adc.o(.bss)
    hdma_adc4                                0x200004a4   Data          96  adc.o(.bss)
    hdma_adc5                                0x20000504   Data          96  adc.o(.bss)
    hhrtim1                                  0x20000564   Data         252  hrtim.o(.bss)
    hi2c2                                    0x20000660   Data          84  i2c.o(.bss)
    hiwdg                                    0x200006b4   Data          16  iwdg.o(.bss)
    hopamp1                                  0x200006c4   Data          60  opamp.o(.bss)
    hopamp2                                  0x20000700   Data          60  opamp.o(.bss)
    hopamp3                                  0x2000073c   Data          60  opamp.o(.bss)
    hopamp4                                  0x20000778   Data          60  opamp.o(.bss)
    hspi1                                    0x200007b4   Data         100  spi.o(.bss)
    hspi3                                    0x20000818   Data         100  spi.o(.bss)
    hdma_spi1_tx                             0x2000087c   Data          96  spi.o(.bss)
    hdma_spi3_tx                             0x200008dc   Data          96  spi.o(.bss)
    hdma_spi3_rx                             0x2000093c   Data          96  spi.o(.bss)
    htim1                                    0x2000099c   Data          76  tim.o(.bss)
    htim2                                    0x200009e8   Data          76  tim.o(.bss)
    htim3                                    0x20000a34   Data          76  tim.o(.bss)
    htim5                                    0x20000a80   Data          76  tim.o(.bss)
    htim6                                    0x20000acc   Data          76  tim.o(.bss)
    htim7                                    0x20000b18   Data          76  tim.o(.bss)
    htim16                                   0x20000b64   Data          76  tim.o(.bss)
    htim17                                   0x20000bb0   Data          76  tim.o(.bss)
    huart1                                   0x20000bfc   Data         148  usart.o(.bss)
    huart3                                   0x20000c90   Data         148  usart.o(.bss)
    hdma_usart1_rx                           0x20000d24   Data          96  usart.o(.bss)
    __heap_base                              0x20000d88   Data           0  startup_stm32g474xx.o(HEAP)
    __heap_limit                             0x20001188   Data           0  startup_stm32g474xx.o(HEAP)
    __initial_sp                             0x20001588   Data           0  startup_stm32g474xx.o(STACK)



==============================================================================

Memory Map of the image

  Image Entry point : 0x080001d9

  Load Region LR_IROM1 (Base: 0x08000000, Size: 0x00006f64, Max: 0x00080000, ABSOLUTE)

    Execution Region ER_IROM1 (Exec base: 0x08000000, Load base: 0x08000000, Size: 0x00006f3c, Max: 0x00080000, ABSOLUTE)

    Exec Addr    Load Addr    Size         Type   Attr      Idx    E Section Name        Object

    0x08000000   0x08000000   0x000001d8   Data   RO            3    RESET               startup_stm32g474xx.o
    0x080001d8   0x080001d8   0x00000000   Code   RO         7075  * .ARM.Collect$$$$00000000  mc_w.l(entry.o)
    0x080001d8   0x080001d8   0x00000004   Code   RO         7377    .ARM.Collect$$$$00000001  mc_w.l(entry2.o)
    0x080001dc   0x080001dc   0x00000004   Code   RO         7380    .ARM.Collect$$$$00000004  mc_w.l(entry5.o)
    0x080001e0   0x080001e0   0x00000000   Code   RO         7382    .ARM.Collect$$$$00000008  mc_w.l(entry7b.o)
    0x080001e0   0x080001e0   0x00000000   Code   RO         7384    .ARM.Collect$$$$0000000A  mc_w.l(entry8b.o)
    0x080001e0   0x080001e0   0x00000008   Code   RO         7385    .ARM.Collect$$$$0000000B  mc_w.l(entry9a.o)
    0x080001e8   0x080001e8   0x00000004   Code   RO         7392    .ARM.Collect$$$$0000000E  mc_w.l(entry12b.o)
    0x080001ec   0x080001ec   0x00000000   Code   RO         7387    .ARM.Collect$$$$0000000F  mc_w.l(entry10a.o)
    0x080001ec   0x080001ec   0x00000000   Code   RO         7389    .ARM.Collect$$$$00000011  mc_w.l(entry11a.o)
    0x080001ec   0x080001ec   0x00000004   Code   RO         7378    .ARM.Collect$$$$00002712  mc_w.l(entry2.o)
    0x080001f0   0x080001f0   0x00000024   Code   RO            4    .text               startup_stm32g474xx.o
    0x08000214   0x08000214   0x00000062   Code   RO         7078    .text               mc_w.l(uldiv.o)
    0x08000276   0x08000276   0x00000024   Code   RO         7082    .text               mc_w.l(memseta.o)
    0x0800029a   0x0800029a   0x0000002c   Code   RO         7394    .text               mc_w.l(uidiv.o)
    0x080002c6   0x080002c6   0x0000001e   Code   RO         7396    .text               mc_w.l(llshl.o)
    0x080002e4   0x080002e4   0x00000020   Code   RO         7398    .text               mc_w.l(llushr.o)
    0x08000304   0x08000304   0x00000000   Code   RO         7402    .text               mc_w.l(iusefp.o)
    0x08000304   0x08000304   0x0000014e   Code   RO         7403    .text               mf_w.l(dadd.o)
    0x08000452   0x08000452   0x000000e4   Code   RO         7405    .text               mf_w.l(dmul.o)
    0x08000536   0x08000536   0x000000de   Code   RO         7407    .text               mf_w.l(ddiv.o)
    0x08000614   0x08000614   0x00000030   Code   RO         7409    .text               mf_w.l(dfixul.o)
    0x08000644   0x08000644   0x00000030   Code   RO         7411    .text               mf_w.l(cdrcmple.o)
    0x08000674   0x08000674   0x00000024   Code   RO         7413    .text               mc_w.l(init.o)
    0x08000698   0x08000698   0x00000024   Code   RO         7415    .text               mc_w.l(llsshr.o)
    0x080006bc   0x080006bc   0x000000ba   Code   RO         7417    .text               mf_w.l(depilogue.o)
    0x08000776   0x08000776   0x00000002   PAD
    0x08000778   0x08000778   0x0000022c   Code   RO           13    ccmram              function.o
    0x080009a4   0x080009a4   0x00000068   Code   RO         1527    i.ADC_DMAConvCplt   stm32g4xx_hal_adc.o
    0x08000a0c   0x08000a0c   0x0000001a   Code   RO         1528    i.ADC_DMAError      stm32g4xx_hal_adc.o
    0x08000a26   0x08000a26   0x0000000a   Code   RO         1529    i.ADC_DMAHalfConvCplt  stm32g4xx_hal_adc.o
    0x08000a30   0x08000a30   0x00000070   Code   RO         1530    i.ADC_Disable       stm32g4xx_hal_adc.o
    0x08000aa0   0x08000aa0   0x000000c4   Code   RO         1531    i.ADC_Enable        stm32g4xx_hal_adc.o
    0x08000b64   0x08000b64   0x000000d8   Code   RO           14    i.BoardDevice_Init  function.o
    0x08000c3c   0x08000c3c   0x00000002   Code   RO         1312    i.BusFault_Handler  stm32g4xx_it.o
    0x08000c3e   0x08000c3e   0x00000002   PAD
    0x08000c40   0x08000c40   0x0000000c   Code   RO         1313    i.DMA1_Channel1_IRQHandler  stm32g4xx_it.o
    0x08000c4c   0x08000c4c   0x0000000c   Code   RO         1314    i.DMA1_Channel2_IRQHandler  stm32g4xx_it.o
    0x08000c58   0x08000c58   0x0000000c   Code   RO         1315    i.DMA1_Channel3_IRQHandler  stm32g4xx_it.o
    0x08000c64   0x08000c64   0x0000000c   Code   RO         1316    i.DMA1_Channel4_IRQHandler  stm32g4xx_it.o
    0x08000c70   0x08000c70   0x0000000c   Code   RO         1317    i.DMA2_Channel1_IRQHandler  stm32g4xx_it.o
    0x08000c7c   0x08000c7c   0x0000000c   Code   RO         1318    i.DMA2_Channel2_IRQHandler  stm32g4xx_it.o
    0x08000c88   0x08000c88   0x0000000c   Code   RO         1319    i.DMA2_Channel3_IRQHandler  stm32g4xx_it.o
    0x08000c94   0x08000c94   0x0000000c   Code   RO         1320    i.DMA2_Channel4_IRQHandler  stm32g4xx_it.o
    0x08000ca0   0x08000ca0   0x0000000c   Code   RO         1321    i.DMA2_Channel5_IRQHandler  stm32g4xx_it.o
    0x08000cac   0x08000cac   0x00000040   Code   RO         2840    i.DMA_CalcDMAMUXChannelBaseAndMask  stm32g4xx_hal_dma.o
    0x08000cec   0x08000cec   0x00000024   Code   RO         2841    i.DMA_CalcDMAMUXRequestGenBaseAndMask  stm32g4xx_hal_dma.o
    0x08000d10   0x08000d10   0x0000003e   Code   RO         2842    i.DMA_SetConfig     stm32g4xx_hal_dma.o
    0x08000d4e   0x08000d4e   0x00000002   Code   RO         1322    i.DebugMon_Handler  stm32g4xx_it.o
    0x08000d50   0x08000d50   0x00000008   Code   RO         1323    i.EXTI15_10_IRQHandler  stm32g4xx_it.o
    0x08000d58   0x08000d58   0x00000006   Code   RO         1324    i.EXTI2_IRQHandler  stm32g4xx_it.o
    0x08000d5e   0x08000d5e   0x00000006   Code   RO         1325    i.EXTI3_IRQHandler  stm32g4xx_it.o
    0x08000d64   0x08000d64   0x00000012   Code   RO         1326    i.EXTI9_5_IRQHandler  stm32g4xx_it.o
    0x08000d76   0x08000d76   0x00000004   Code   RO          757    i.Error_Handler     main.o
    0x08000d7a   0x08000d7a   0x00000002   PAD
    0x08000d7c   0x08000d7c   0x00000094   Code   RO         1764    i.HAL_ADCEx_Calibration_Start  stm32g4xx_hal_adc_ex.o
    0x08000e10   0x08000e10   0x00000160   Code   RO         1781    i.HAL_ADCEx_MultiModeConfigChannel  stm32g4xx_hal_adc_ex.o
    0x08000f70   0x08000f70   0x0000046c   Code   RO         1533    i.HAL_ADC_ConfigChannel  stm32g4xx_hal_adc.o
    0x080013dc   0x080013dc   0x00000004   Code   RO          315    i.HAL_ADC_ConvCpltCallback  callback.o
    0x080013e0   0x080013e0   0x00000002   Code   RO         1535    i.HAL_ADC_ConvHalfCpltCallback  stm32g4xx_hal_adc.o
    0x080013e2   0x080013e2   0x00000002   Code   RO         1537    i.HAL_ADC_ErrorCallback  stm32g4xx_hal_adc.o
    0x080013e4   0x080013e4   0x00000230   Code   RO         1542    i.HAL_ADC_Init      stm32g4xx_hal_adc.o
    0x08001614   0x08001614   0x00000278   Code   RO          832    i.HAL_ADC_MspInit   adc.o
    0x0800188c   0x0800188c   0x0000012c   Code   RO         1550    i.HAL_ADC_Start_DMA  stm32g4xx_hal_adc.o
    0x080019b8   0x080019b8   0x0000006a   Code   RO         2843    i.HAL_DMA_Abort     stm32g4xx_hal_dma.o
    0x08001a22   0x08001a22   0x00000078   Code   RO         2844    i.HAL_DMA_Abort_IT  stm32g4xx_hal_dma.o
    0x08001a9a   0x08001a9a   0x000000ba   Code   RO         2848    i.HAL_DMA_IRQHandler  stm32g4xx_hal_dma.o
    0x08001b54   0x08001b54   0x000000c0   Code   RO         2849    i.HAL_DMA_Init      stm32g4xx_hal_dma.o
    0x08001c14   0x08001c14   0x0000008c   Code   RO         2853    i.HAL_DMA_Start_IT  stm32g4xx_hal_dma.o
    0x08001ca0   0x08001ca0   0x00000024   Code   RO         1980    i.HAL_Delay         stm32g4xx_hal.o
    0x08001cc4   0x08001cc4   0x00000004   Code   RO          316    i.HAL_GPIO_EXTI_Callback  callback.o
    0x08001cc8   0x08001cc8   0x00000018   Code   RO         2704    i.HAL_GPIO_EXTI_IRQHandler  stm32g4xx_hal_gpio.o
    0x08001ce0   0x08001ce0   0x00000248   Code   RO         2705    i.HAL_GPIO_Init     stm32g4xx_hal_gpio.o
    0x08001f28   0x08001f28   0x0000000a   Code   RO         2709    i.HAL_GPIO_WritePin  stm32g4xx_hal_gpio.o
    0x08001f32   0x08001f32   0x00000002   PAD
    0x08001f34   0x08001f34   0x0000000c   Code   RO         1984    i.HAL_GetTick       stm32g4xx_hal.o
    0x08001f40   0x08001f40   0x00000062   Code   RO         3513    i.HAL_HRTIM_DLLCalibrationStart  stm32g4xx_hal_hrtim.o
    0x08001fa2   0x08001fa2   0x00000002   PAD
    0x08001fa4   0x08001fa4   0x0000008c   Code   RO         3516    i.HAL_HRTIM_DeadTimeConfig  stm32g4xx_hal_hrtim.o
    0x08002030   0x08002030   0x000000c0   Code   RO         3546    i.HAL_HRTIM_Init    stm32g4xx_hal_hrtim.o
    0x080020f0   0x080020f0   0x00000028   Code   RO          923    i.HAL_HRTIM_MspInit  hrtim.o
    0x08002118   0x08002118   0x00000068   Code   RO          924    i.HAL_HRTIM_MspPostInit  hrtim.o
    0x08002180   0x08002180   0x00000042   Code   RO         3555    i.HAL_HRTIM_PollForDLLCalibration  stm32g4xx_hal_hrtim.o
    0x080021c2   0x080021c2   0x0000007a   Code   RO         3597    i.HAL_HRTIM_TimeBaseConfig  stm32g4xx_hal_hrtim.o
    0x0800223c   0x0800223c   0x00000134   Code   RO         3603    i.HAL_HRTIM_WaveformCompareConfig  stm32g4xx_hal_hrtim.o
    0x08002370   0x08002370   0x0000002c   Code   RO         3604    i.HAL_HRTIM_WaveformCountStart  stm32g4xx_hal_hrtim.o
    0x0800239c   0x0800239c   0x00000036   Code   RO         3612    i.HAL_HRTIM_WaveformOutputConfig  stm32g4xx_hal_hrtim.o
    0x080023d2   0x080023d2   0x00000030   Code   RO         3613    i.HAL_HRTIM_WaveformOutputStart  stm32g4xx_hal_hrtim.o
    0x08002402   0x08002402   0x00000090   Code   RO         3616    i.HAL_HRTIM_WaveformTimerConfig  stm32g4xx_hal_hrtim.o
    0x08002492   0x08002492   0x00000084   Code   RO         3617    i.HAL_HRTIM_WaveformTimerControl  stm32g4xx_hal_hrtim.o
    0x08002516   0x08002516   0x00000056   Code   RO         4814    i.HAL_I2CEx_ConfigAnalogFilter  stm32g4xx_hal_i2c_ex.o
    0x0800256c   0x0800256c   0x00000052   Code   RO         4815    i.HAL_I2CEx_ConfigDigitalFilter  stm32g4xx_hal_i2c_ex.o
    0x080025be   0x080025be   0x00000002   PAD
    0x080025c0   0x080025c0   0x000000bc   Code   RO         4353    i.HAL_I2C_Init      stm32g4xx_hal_i2c.o
    0x0800267c   0x0800267c   0x0000007c   Code   RO          971    i.HAL_I2C_MspInit   i2c.o
    0x080026f8   0x080026f8   0x00000066   Code   RO         4868    i.HAL_IWDG_Init     stm32g4xx_hal_iwdg.o
    0x0800275e   0x0800275e   0x00000002   PAD
    0x08002760   0x08002760   0x00000010   Code   RO         1990    i.HAL_IncTick       stm32g4xx_hal.o
    0x08002770   0x08002770   0x0000001e   Code   RO         1991    i.HAL_Init          stm32g4xx_hal.o
    0x0800278e   0x0800278e   0x00000002   PAD
    0x08002790   0x08002790   0x00000044   Code   RO         1992    i.HAL_InitTick      stm32g4xx_hal.o
    0x080027d4   0x080027d4   0x00000030   Code   RO         1502    i.HAL_MspInit       stm32g4xx_hal_msp.o
    0x08002804   0x08002804   0x0000001a   Code   RO         3354    i.HAL_NVIC_EnableIRQ  stm32g4xx_hal_cortex.o
    0x0800281e   0x0800281e   0x00000002   PAD
    0x08002820   0x08002820   0x00000040   Code   RO         3360    i.HAL_NVIC_SetPriority  stm32g4xx_hal_cortex.o
    0x08002860   0x08002860   0x00000024   Code   RO         3361    i.HAL_NVIC_SetPriorityGrouping  stm32g4xx_hal_cortex.o
    0x08002884   0x08002884   0x000000f4   Code   RO         4901    i.HAL_OPAMP_Init    stm32g4xx_hal_opamp.o
    0x08002978   0x08002978   0x000000a8   Code   RO         1043    i.HAL_OPAMP_MspInit  opamp.o
    0x08002a20   0x08002a20   0x0000002c   Code   RO         4907    i.HAL_OPAMP_Start   stm32g4xx_hal_opamp.o
    0x08002a4c   0x08002a4c   0x000000bc   Code   RO         3108    i.HAL_PWREx_ControlVoltageScaling  stm32g4xx_hal_pwr_ex.o
    0x08002b08   0x08002b08   0x00000010   Code   RO         3120    i.HAL_PWREx_DisableUCPDDeadBattery  stm32g4xx_hal_pwr_ex.o
    0x08002b18   0x08002b18   0x00000300   Code   RO         2351    i.HAL_RCCEx_PeriphCLKConfig  stm32g4xx_hal_rcc_ex.o
    0x08002e18   0x08002e18   0x00000002   Code   RO         2225    i.HAL_RCC_CSSCallback  stm32g4xx_hal_rcc.o
    0x08002e1a   0x08002e1a   0x00000002   PAD
    0x08002e1c   0x08002e1c   0x000001dc   Code   RO         2226    i.HAL_RCC_ClockConfig  stm32g4xx_hal_rcc.o
    0x08002ff8   0x08002ff8   0x00000010   Code   RO         2229    i.HAL_RCC_EnableCSS  stm32g4xx_hal_rcc.o
    0x08003008   0x08003008   0x00000024   Code   RO         2234    i.HAL_RCC_GetPCLK1Freq  stm32g4xx_hal_rcc.o
    0x0800302c   0x0800302c   0x00000024   Code   RO         2235    i.HAL_RCC_GetPCLK2Freq  stm32g4xx_hal_rcc.o
    0x08003050   0x08003050   0x00000070   Code   RO         2236    i.HAL_RCC_GetSysClockFreq  stm32g4xx_hal_rcc.o
    0x080030c0   0x080030c0   0x00000018   Code   RO         2238    i.HAL_RCC_NMI_IRQHandler  stm32g4xx_hal_rcc.o
    0x080030d8   0x080030d8   0x00000404   Code   RO         2239    i.HAL_RCC_OscConfig  stm32g4xx_hal_rcc.o
    0x080034dc   0x080034dc   0x000000ea   Code   RO         5017    i.HAL_SPI_Init      stm32g4xx_hal_spi.o
    0x080035c6   0x080035c6   0x00000002   PAD
    0x080035c8   0x080035c8   0x00000140   Code   RO         1103    i.HAL_SPI_MspInit   spi.o
    0x08003708   0x08003708   0x00000028   Code   RO         3365    i.HAL_SYSTICK_Config  stm32g4xx_hal_cortex.o
    0x08003730   0x08003730   0x00000002   Code   RO         6073    i.HAL_TIMEx_Break2Callback  stm32g4xx_hal_tim_ex.o
    0x08003732   0x08003732   0x00000002   Code   RO         6074    i.HAL_TIMEx_BreakCallback  stm32g4xx_hal_tim_ex.o
    0x08003734   0x08003734   0x00000002   Code   RO         6075    i.HAL_TIMEx_CommutCallback  stm32g4xx_hal_tim_ex.o
    0x08003736   0x08003736   0x00000002   Code   RO         6086    i.HAL_TIMEx_DirectionChangeCallback  stm32g4xx_hal_tim_ex.o
    0x08003738   0x08003738   0x00000002   Code   RO         6100    i.HAL_TIMEx_EncoderIndexCallback  stm32g4xx_hal_tim_ex.o
    0x0800373a   0x0800373a   0x00000002   Code   RO         6114    i.HAL_TIMEx_IndexErrorCallback  stm32g4xx_hal_tim_ex.o
    0x0800373c   0x0800373c   0x000000b8   Code   RO         6115    i.HAL_TIMEx_MasterConfigSynchronization  stm32g4xx_hal_tim_ex.o
    0x080037f4   0x080037f4   0x00000002   Code   RO         6136    i.HAL_TIMEx_TransitionErrorCallback  stm32g4xx_hal_tim_ex.o
    0x080037f6   0x080037f6   0x00000062   Code   RO         5359    i.HAL_TIM_Base_Init  stm32g4xx_hal_tim.o
    0x08003858   0x08003858   0x000000e4   Code   RO         1151    i.HAL_TIM_Base_MspInit  tim.o
    0x0800393c   0x0800393c   0x0000008c   Code   RO         5364    i.HAL_TIM_Base_Start_IT  stm32g4xx_hal_tim.o
    0x080039c8   0x080039c8   0x000000f0   Code   RO         5368    i.HAL_TIM_ConfigClockSource  stm32g4xx_hal_tim.o
    0x08003ab8   0x08003ab8   0x000000a8   Code   RO         5380    i.HAL_TIM_Encoder_Init  stm32g4xx_hal_tim.o
    0x08003b60   0x08003b60   0x00000080   Code   RO         1153    i.HAL_TIM_Encoder_MspInit  tim.o
    0x08003be0   0x08003be0   0x0000008e   Code   RO         5383    i.HAL_TIM_Encoder_Start  stm32g4xx_hal_tim.o
    0x08003c6e   0x08003c6e   0x00000002   Code   RO         5393    i.HAL_TIM_IC_CaptureCallback  stm32g4xx_hal_tim.o
    0x08003c70   0x08003c70   0x000001a2   Code   RO         5407    i.HAL_TIM_IRQHandler  stm32g4xx_hal_tim.o
    0x08003e12   0x08003e12   0x00000002   PAD
    0x08003e14   0x08003e14   0x000000a8   Code   RO         1154    i.HAL_TIM_MspPostInit  tim.o
    0x08003ebc   0x08003ebc   0x00000002   Code   RO         5410    i.HAL_TIM_OC_DelayElapsedCallback  stm32g4xx_hal_tim.o
    0x08003ebe   0x08003ebe   0x00000124   Code   RO         5431    i.HAL_TIM_PWM_ConfigChannel  stm32g4xx_hal_tim.o
    0x08003fe2   0x08003fe2   0x00000062   Code   RO         5434    i.HAL_TIM_PWM_Init  stm32g4xx_hal_tim.o
    0x08004044   0x08004044   0x00000028   Code   RO         1156    i.HAL_TIM_PWM_MspInit  tim.o
    0x0800406c   0x0800406c   0x00000002   Code   RO         5437    i.HAL_TIM_PWM_PulseFinishedCallback  stm32g4xx_hal_tim.o
    0x0800406e   0x0800406e   0x00000002   PAD
    0x08004070   0x08004070   0x00000114   Code   RO         5439    i.HAL_TIM_PWM_Start  stm32g4xx_hal_tim.o
    0x08004184   0x08004184   0x00000044   Code   RO          317    i.HAL_TIM_PeriodElapsedCallback  callback.o
    0x080041c8   0x080041c8   0x00000002   Code   RO         5450    i.HAL_TIM_TriggerCallback  stm32g4xx_hal_tim.o
    0x080041ca   0x080041ca   0x0000003e   Code   RO         6922    i.HAL_UARTEx_DisableFifoMode  stm32g4xx_hal_uart_ex.o
    0x08004208   0x08004208   0x00000002   Code   RO         6511    i.HAL_UARTEx_RxEventCallback  stm32g4xx_hal_uart.o
    0x0800420a   0x0800420a   0x00000002   Code   RO         6930    i.HAL_UARTEx_RxFifoFullCallback  stm32g4xx_hal_uart_ex.o
    0x0800420c   0x0800420c   0x0000004c   Code   RO         6931    i.HAL_UARTEx_SetRxFifoThreshold  stm32g4xx_hal_uart_ex.o
    0x08004258   0x08004258   0x0000004c   Code   RO         6932    i.HAL_UARTEx_SetTxFifoThreshold  stm32g4xx_hal_uart_ex.o
    0x080042a4   0x080042a4   0x00000002   Code   RO         6934    i.HAL_UARTEx_TxFifoEmptyCallback  stm32g4xx_hal_uart_ex.o
    0x080042a6   0x080042a6   0x00000002   Code   RO         6935    i.HAL_UARTEx_WakeupCallback  stm32g4xx_hal_uart_ex.o
    0x080042a8   0x080042a8   0x00000002   Code   RO         6527    i.HAL_UART_ErrorCallback  stm32g4xx_hal_uart.o
    0x080042aa   0x080042aa   0x00000002   PAD
    0x080042ac   0x080042ac   0x0000031c   Code   RO         6530    i.HAL_UART_IRQHandler  stm32g4xx_hal_uart.o
    0x080045c8   0x080045c8   0x0000006a   Code   RO         6531    i.HAL_UART_Init     stm32g4xx_hal_uart.o
    0x08004632   0x08004632   0x00000002   PAD
    0x08004634   0x08004634   0x0000012c   Code   RO         1265    i.HAL_UART_MspInit  usart.o
    0x08004760   0x08004760   0x000000ae   Code   RO         6540    i.HAL_UART_Transmit  stm32g4xx_hal_uart.o
    0x0800480e   0x0800480e   0x00000002   Code   RO         6543    i.HAL_UART_TxCpltCallback  stm32g4xx_hal_uart.o
    0x08004810   0x08004810   0x00000068   Code   RO         3624    i.HRTIM_ForceRegistersUpdate  stm32g4xx_hal_hrtim.o
    0x08004878   0x08004878   0x00000092   Code   RO         3629    i.HRTIM_MasterWaveform_Config  stm32g4xx_hal_hrtim.o
    0x0800490a   0x0800490a   0x000000de   Code   RO         3631    i.HRTIM_OutputConfig  stm32g4xx_hal_hrtim.o
    0x080049e8   0x080049e8   0x0000019c   Code   RO         3634    i.HRTIM_TimingUnitWaveform_Config  stm32g4xx_hal_hrtim.o
    0x08004b84   0x08004b84   0x00000002   Code   RO         1327    i.HardFault_Handler  stm32g4xx_it.o
    0x08004b86   0x08004b86   0x0000000c   Code   RO         1556    i.LL_ADC_GetOffsetChannel  stm32g4xx_hal_adc.o
    0x08004b92   0x08004b92   0x00000008   Code   RO         1557    i.LL_ADC_INJ_IsConversionOngoing  stm32g4xx_hal_adc.o
    0x08004b9a   0x08004b9a   0x00000008   Code   RO         1558    i.LL_ADC_REG_IsConversionOngoing  stm32g4xx_hal_adc.o
    0x08004ba2   0x08004ba2   0x00000008   Code   RO         1791    i.LL_ADC_REG_IsConversionOngoing  stm32g4xx_hal_adc_ex.o
    0x08004baa   0x08004baa   0x00000010   Code   RO         1559    i.LL_ADC_REG_IsTriggerSourceSWStart  stm32g4xx_hal_adc.o
    0x08004bba   0x08004bba   0x0000001e   Code   RO         1561    i.LL_ADC_SetChannelSamplingTime  stm32g4xx_hal_adc.o
    0x08004bd8   0x08004bd8   0x00000010   Code   RO         1562    i.LL_ADC_SetOffsetState  stm32g4xx_hal_adc.o
    0x08004be8   0x08004be8   0x00000094   Code   RO          833    i.MX_ADC1_Init      adc.o
    0x08004c7c   0x08004c7c   0x0000007c   Code   RO          834    i.MX_ADC2_Init      adc.o
    0x08004cf8   0x08004cf8   0x00000094   Code   RO          835    i.MX_ADC3_Init      adc.o
    0x08004d8c   0x08004d8c   0x0000007c   Code   RO          836    i.MX_ADC4_Init      adc.o
    0x08004e08   0x08004e08   0x0000007c   Code   RO          837    i.MX_ADC5_Init      adc.o
    0x08004e84   0x08004e84   0x000000cc   Code   RO          898    i.MX_DMA_Init       dma.o
    0x08004f50   0x08004f50   0x00000170   Code   RO          807    i.MX_GPIO_Init      gpio.o
    0x080050c0   0x080050c0   0x0000023c   Code   RO          925    i.MX_HRTIM1_Init    hrtim.o
    0x080052fc   0x080052fc   0x00000058   Code   RO          972    i.MX_I2C2_Init      i2c.o
    0x08005354   0x08005354   0x00000030   Code   RO         1012    i.MX_IWDG_Init      iwdg.o
    0x08005384   0x08005384   0x00000034   Code   RO         1044    i.MX_OPAMP1_Init    opamp.o
    0x080053b8   0x080053b8   0x00000034   Code   RO         1045    i.MX_OPAMP2_Init    opamp.o
    0x080053ec   0x080053ec   0x00000034   Code   RO         1046    i.MX_OPAMP3_Init    opamp.o
    0x08005420   0x08005420   0x00000034   Code   RO         1047    i.MX_OPAMP4_Init    opamp.o
    0x08005454   0x08005454   0x00000054   Code   RO         1104    i.MX_SPI1_Init      spi.o
    0x080054a8   0x080054a8   0x00000050   Code   RO         1105    i.MX_SPI3_Init      spi.o
    0x080054f8   0x080054f8   0x00000038   Code   RO         1157    i.MX_TIM16_Init     tim.o
    0x08005530   0x08005530   0x00000038   Code   RO         1158    i.MX_TIM17_Init     tim.o
    0x08005568   0x08005568   0x00000070   Code   RO         1159    i.MX_TIM1_Init      tim.o
    0x080055d8   0x080055d8   0x00000098   Code   RO         1160    i.MX_TIM2_Init      tim.o
    0x08005670   0x08005670   0x00000074   Code   RO         1161    i.MX_TIM3_Init      tim.o
    0x080056e4   0x080056e4   0x00000098   Code   RO         1162    i.MX_TIM5_Init      tim.o
    0x0800577c   0x0800577c   0x00000048   Code   RO         1163    i.MX_TIM6_Init      tim.o
    0x080057c4   0x080057c4   0x00000048   Code   RO         1164    i.MX_TIM7_Init      tim.o
    0x0800580c   0x0800580c   0x00000068   Code   RO         1266    i.MX_USART1_UART_Init  usart.o
    0x08005874   0x08005874   0x0000006c   Code   RO         1267    i.MX_USART3_UART_Init  usart.o
    0x080058e0   0x080058e0   0x00000002   Code   RO         1328    i.MemManage_Handler  stm32g4xx_it.o
    0x080058e2   0x080058e2   0x00000002   PAD
    0x080058e4   0x080058e4   0x0000007e   Code   RO          287    i.MiddleAverageFilter  math.o
    0x08005962   0x08005962   0x00000006   Code   RO         1329    i.NMI_Handler       stm32g4xx_it.o
    0x08005968   0x08005968   0x00000002   Code   RO         1330    i.PendSV_Handler    stm32g4xx_it.o
    0x0800596a   0x0800596a   0x00000002   Code   RO         1331    i.SVC_Handler       stm32g4xx_it.o
    0x0800596c   0x0800596c   0x00000004   Code   RO         1332    i.SysTick_Handler   stm32g4xx_it.o
    0x08005970   0x08005970   0x0000006e   Code   RO          758    i.SystemClock_Config  main.o
    0x080059de   0x080059de   0x00000002   PAD
    0x080059e0   0x080059e0   0x00000010   Code   RO         7041    i.SystemInit        system_stm32g4xx.o
    0x080059f0   0x080059f0   0x0000001c   Code   RO         1333    i.TIM1_TRG_COM_TIM17_IRQHandler  stm32g4xx_it.o
    0x08005a0c   0x08005a0c   0x0000001c   Code   RO         1334    i.TIM1_UP_TIM16_IRQHandler  stm32g4xx_it.o
    0x08005a28   0x08005a28   0x0000000c   Code   RO         1335    i.TIM6_DAC_IRQHandler  stm32g4xx_it.o
    0x08005a34   0x08005a34   0x0000000c   Code   RO         1336    i.TIM7_DAC_IRQHandler  stm32g4xx_it.o
    0x08005a40   0x08005a40   0x000000e4   Code   RO         5452    i.TIM_Base_SetConfig  stm32g4xx_hal_tim.o
    0x08005b24   0x08005b24   0x0000001a   Code   RO         5453    i.TIM_CCxChannelCmd  stm32g4xx_hal_tim.o
    0x08005b3e   0x08005b3e   0x00000014   Code   RO         5463    i.TIM_ETR_SetConfig  stm32g4xx_hal_tim.o
    0x08005b52   0x08005b52   0x00000002   PAD
    0x08005b54   0x08005b54   0x00000014   Code   RO         5464    i.TIM_ITRx_SetConfig  stm32g4xx_hal_tim.o
    0x08005b68   0x08005b68   0x000000ac   Code   RO         5465    i.TIM_OC1_SetConfig  stm32g4xx_hal_tim.o
    0x08005c14   0x08005c14   0x000000a0   Code   RO         5466    i.TIM_OC2_SetConfig  stm32g4xx_hal_tim.o
    0x08005cb4   0x08005cb4   0x000000a0   Code   RO         5467    i.TIM_OC3_SetConfig  stm32g4xx_hal_tim.o
    0x08005d54   0x08005d54   0x000000a0   Code   RO         5468    i.TIM_OC4_SetConfig  stm32g4xx_hal_tim.o
    0x08005df4   0x08005df4   0x00000078   Code   RO         5469    i.TIM_OC5_SetConfig  stm32g4xx_hal_tim.o
    0x08005e6c   0x08005e6c   0x0000007c   Code   RO         5470    i.TIM_OC6_SetConfig  stm32g4xx_hal_tim.o
    0x08005ee8   0x08005ee8   0x00000022   Code   RO         5472    i.TIM_TI1_ConfigInputStage  stm32g4xx_hal_tim.o
    0x08005f0a   0x08005f0a   0x00000024   Code   RO         5474    i.TIM_TI2_ConfigInputStage  stm32g4xx_hal_tim.o
    0x08005f2e   0x08005f2e   0x00000002   PAD
    0x08005f30   0x08005f30   0x00000044   Code   RO         6936    i.UARTEx_SetNbDataToProcess  stm32g4xx_hal_uart_ex.o
    0x08005f74   0x08005f74   0x000000c8   Code   RO         6545    i.UART_AdvFeatureConfig  stm32g4xx_hal_uart.o
    0x0800603c   0x0800603c   0x000000ac   Code   RO         6546    i.UART_CheckIdleState  stm32g4xx_hal_uart.o
    0x080060e8   0x080060e8   0x00000014   Code   RO         6547    i.UART_DMAAbortOnError  stm32g4xx_hal_uart.o
    0x080060fc   0x080060fc   0x00000054   Code   RO         6557    i.UART_EndRxTransfer  stm32g4xx_hal_uart.o
    0x08006150   0x08006150   0x00000298   Code   RO         6563    i.UART_SetConfig    stm32g4xx_hal_uart.o
    0x080063e8   0x080063e8   0x00000094   Code   RO         6570    i.UART_WaitOnFlagUntilTimeout  stm32g4xx_hal_uart.o
    0x0800647c   0x0800647c   0x0000000c   Code   RO         1337    i.USART1_IRQHandler  stm32g4xx_it.o
    0x08006488   0x08006488   0x0000000c   Code   RO         1338    i.USART3_IRQHandler  stm32g4xx_it.o
    0x08006494   0x08006494   0x00000002   Code   RO         1339    i.UsageFault_Handler  stm32g4xx_it.o
    0x08006496   0x08006496   0x00000002   PAD
    0x08006498   0x08006498   0x00000020   Code   RO         7321    i.__0printf         mc_w.l(printfa.o)
    0x080064b8   0x080064b8   0x00000020   Code   RO         3367    i.__NVIC_SetPriority  stm32g4xx_hal_cortex.o
    0x080064d8   0x080064d8   0x0000000e   Code   RO         7421    i.__scatterload_copy  mc_w.l(handlers.o)
    0x080064e6   0x080064e6   0x00000002   Code   RO         7422    i.__scatterload_null  mc_w.l(handlers.o)
    0x080064e8   0x080064e8   0x0000000e   Code   RO         7423    i.__scatterload_zeroinit  mc_w.l(handlers.o)
    0x080064f6   0x080064f6   0x00000002   PAD
    0x080064f8   0x080064f8   0x00000184   Code   RO         7328    i._fp_digits        mc_w.l(printfa.o)
    0x0800667c   0x0800667c   0x000006b4   Code   RO         7329    i._printf_core      mc_w.l(printfa.o)
    0x08006d30   0x08006d30   0x00000024   Code   RO         7330    i._printf_post_padding  mc_w.l(printfa.o)
    0x08006d54   0x08006d54   0x0000002e   Code   RO         7331    i._printf_pre_padding  mc_w.l(printfa.o)
    0x08006d82   0x08006d82   0x00000002   PAD
    0x08006d84   0x08006d84   0x00000018   Code   RO          759    i.fputc             main.o
    0x08006d9c   0x08006d9c   0x00000050   Code   RO         7349    i.free              mc_w.l(malloc.o)
    0x08006dec   0x08006dec   0x00000084   Code   RO          760    i.main              main.o
    0x08006e70   0x08006e70   0x0000006c   Code   RO         7350    i.malloc            mc_w.l(malloc.o)
    0x08006edc   0x08006edc   0x00000018   Data   RO         6571    .constdata          stm32g4xx_hal_uart.o
    0x08006ef4   0x08006ef4   0x00000010   Data   RO         6937    .constdata          stm32g4xx_hal_uart_ex.o
    0x08006f04   0x08006f04   0x00000010   Data   RO         7042    .constdata          system_stm32g4xx.o
    0x08006f14   0x08006f14   0x00000008   Data   RO         7043    .constdata          system_stm32g4xx.o
    0x08006f1c   0x08006f1c   0x00000020   Data   RO         7419    Region$$Table       anon$$obj.o


    Execution Region RW_IRAM1 (Exec base: 0x20000000, Load base: 0x08006f3c, Size: 0x00001588, Max: 0x00020000, ABSOLUTE)

    Exec Addr    Load Addr    Size         Type   Attr      Idx    E Section Name        Object

    0x20000000   0x08006f3c   0x00000004   Data   RW          318    .data               callback.o
    0x20000004   0x08006f40   0x00000008   Data   RW          839    .data               adc.o
    0x2000000c   0x08006f48   0x0000000c   Data   RW         2011    .data               stm32g4xx_hal.o
    0x20000018   0x08006f54   0x00000004   Data   RW         7044    .data               system_stm32g4xx.o
    0x2000001c   0x08006f58   0x00000004   Data   RW         7393    .data               mc_w.l(stdout.o)
    0x20000020   0x08006f5c   0x00000004   Data   RW         7400    .data               mc_w.l(mvars.o)
    0x20000024   0x08006f60   0x00000004   Data   RW         7401    .data               mc_w.l(mvars.o)
    0x20000028        -       0x0000013e   Zero   RW           16    .bss                function.o
    0x20000166   0x08006f64   0x00000002   PAD
    0x20000168        -       0x000003fc   Zero   RW          838    .bss                adc.o
    0x20000564        -       0x000000fc   Zero   RW          926    .bss                hrtim.o
    0x20000660        -       0x00000054   Zero   RW          973    .bss                i2c.o
    0x200006b4        -       0x00000010   Zero   RW         1013    .bss                iwdg.o
    0x200006c4        -       0x000000f0   Zero   RW         1048    .bss                opamp.o
    0x200007b4        -       0x000001e8   Zero   RW         1106    .bss                spi.o
    0x2000099c        -       0x00000260   Zero   RW         1165    .bss                tim.o
    0x20000bfc        -       0x00000188   Zero   RW         1268    .bss                usart.o
    0x20000d84   0x08006f64   0x00000004   PAD
    0x20000d88        -       0x00000400   Zero   RW            2    HEAP                startup_stm32g474xx.o
    0x20001188        -       0x00000400   Zero   RW            1    STACK               startup_stm32g474xx.o


==============================================================================

Image component sizes


      Code (inc. data)   RO Data    RW Data    ZI Data      Debug   Object Name

      1300        102          0          8       1020       5679   adc.o
        76         16          0          4          0       2184   callback.o
       204          4          0          0          0       1006   dma.o
       772        188          0          0        318    1077503   function.o
       368         16          0          0          0       1199   gpio.o
       716         32          0          0        252       2987   hrtim.o
       212         20          0          0         84       1937   i2c.o
        48         10          0          0         16        819   iwdg.o
       270          4          0          0          0       2956   main.o
       126          0          0          0          0       1342   math.o
       376         54          0          0        240       3902   opamp.o
       484         46          0          0        488       2861   spi.o
        36          8        472          0       2048        884   startup_stm32g474xx.o
       162         24          0         12          0       4649   stm32g4xx_hal.o
      2534        186          0          0          0      82472   stm32g4xx_hal_adc.o
       508         36          0          0          0      70561   stm32g4xx_hal_adc_ex.o
       198         14          0          0          0      34111   stm32g4xx_hal_cortex.o
       906         30          0          0          0       6990   stm32g4xx_hal_dma.o
       618         40          0          0          0       3163   stm32g4xx_hal_gpio.o
      2232         32          0          0          0      16292   stm32g4xx_hal_hrtim.o
       188          4          0          0          0       3339   stm32g4xx_hal_i2c.o
       168          0          0          0          0       2055   stm32g4xx_hal_i2c_ex.o
       102          0          0          0          0       1416   stm32g4xx_hal_iwdg.o
        48          6          0          0          0        962   stm32g4xx_hal_msp.o
       288          8          0          0          0       2603   stm32g4xx_hal_opamp.o
       204         18          0          0          0       1497   stm32g4xx_hal_pwr_ex.o
      1730        100          0          0          0       8331   stm32g4xx_hal_rcc.o
       768         10          0          0          0       2064   stm32g4xx_hal_rcc_ex.o
       234          0          0          0          0       1343   stm32g4xx_hal_spi.o
      3140        302          0          0          0      21667   stm32g4xx_hal_tim.o
       198         34          0          0          0       5852   stm32g4xx_hal_tim_ex.o
      2370         90         24          0          0      31328   stm32g4xx_hal_uart.o
       288          6         16          0          0       5754   stm32g4xx_hal_uart_ex.o
       274         98          0          0          0      14662   stm32g4xx_it.o
        16          4         24          4          0       1271   system_stm32g4xx.o
      1352        132          0          0        608       9031   tim.o
       512         48          0          0        392       2902   usart.o

    ----------------------------------------------------------------------
     24064       1722        568         28       5472    1439574   Object Totals
         0          0         32          0          0          0   (incl. Generated)
        38          0          0          0          6          0   (incl. Padding)

    ----------------------------------------------------------------------

      Code (inc. data)   RO Data    RW Data    ZI Data      Debug   Library Member Name

         0          0          0          0          0          0   entry.o
         0          0          0          0          0          0   entry10a.o
         0          0          0          0          0          0   entry11a.o
         4          0          0          0          0          0   entry12b.o
         8          4          0          0          0          0   entry2.o
         4          0          0          0          0          0   entry5.o
         0          0          0          0          0          0   entry7b.o
         0          0          0          0          0          0   entry8b.o
         8          4          0          0          0          0   entry9a.o
        30          0          0          0          0          0   handlers.o
        36          8          0          0          0         68   init.o
         0          0          0          0          0          0   iusefp.o
        30          0          0          0          0         68   llshl.o
        36          0          0          0          0         68   llsshr.o
        32          0          0          0          0         68   llushr.o
       188         20          0          0          0        160   malloc.o
        36          0          0          0          0        108   memseta.o
         0          0          0          8          0          0   mvars.o
      2218         90          0          0          0        464   printfa.o
         0          0          0          4          0          0   stdout.o
        44          0          0          0          0         80   uidiv.o
        98          0          0          0          0         92   uldiv.o
        48          0          0          0          0         68   cdrcmple.o
       334          0          0          0          0        148   dadd.o
       222          0          0          0          0        100   ddiv.o
       186          0          0          0          0        176   depilogue.o
        48          0          0          0          0         68   dfixul.o
       228          0          0          0          0         96   dmul.o

    ----------------------------------------------------------------------
      3844        126          0         12          0       1832   Library Totals
         6          0          0          0          0          0   (incl. Padding)

    ----------------------------------------------------------------------

      Code (inc. data)   RO Data    RW Data    ZI Data      Debug   Library Name

      2772        126          0         12          0       1176   mc_w.l
      1066          0          0          0          0        656   mf_w.l

    ----------------------------------------------------------------------
      3844        126          0         12          0       1832   Library Totals

    ----------------------------------------------------------------------

==============================================================================


      Code (inc. data)   RO Data    RW Data    ZI Data      Debug   

     27908       1848        568         40       5472    1421074   Grand Totals
     27908       1848        568         40       5472    1421074   ELF Image Totals
     27908       1848        568         40          0          0   ROM Totals

==============================================================================

    Total RO  Size (Code + RO Data)                28476 (  27.81kB)
    Total RW  Size (RW Data + ZI Data)              5512 (   5.38kB)
    Total ROM Size (Code + RO Data + RW Data)      28516 (  27.85kB)

==============================================================================

